Component: ARM Compiler 5.06 update 3 (build 300) Tool: armlink [4d35c9]

==============================================================================

Section Cross References

    bsp.o(i.BSP_Accelerometer_Init) refers to bsp.o(i.adcinit) for adcinit
    bsp.o(i.BSP_Buzzer_Init) refers to bsp.o(.data) for ClockFrequency
    bsp.o(i.BSP_Buzzer_Set) refers to bsp.o(.data) for PWMCycles
    bsp.o(i.BSP_Clock_GetFreq) refers to bsp.o(.data) for ClockFrequency
    bsp.o(i.BSP_Clock_InitFastest) refers to bsp.o(.data) for ClockFrequency
    bsp.o(i.BSP_Delay1ms) refers to bsp.o(.emb_text) for parrotdelay
    bsp.o(i.BSP_Joystick_Init) refers to bsp.o(i.adcinit) for adcinit
    bsp.o(i.BSP_LCD_DrawBitmap) refers to bsp.o(i.setAddrWindow) for setAddrWindow
    bsp.o(i.BSP_LCD_DrawBitmap) refers to bsp.o(i.writedata) for writedata
    bsp.o(i.BSP_LCD_DrawBitmap) refers to bsp.o(.data) for _width
    bsp.o(i.BSP_LCD_DrawChar) refers to bsp.o(i.setAddrWindow) for setAddrWindow
    bsp.o(i.BSP_LCD_DrawChar) refers to bsp.o(i.pushColor) for pushColor
    bsp.o(i.BSP_LCD_DrawChar) refers to bsp.o(.data) for _width
    bsp.o(i.BSP_LCD_DrawChar) refers to bsp.o(.constdata) for Font
    bsp.o(i.BSP_LCD_DrawCharS) refers to bsp.o(i.BSP_LCD_DrawPixel) for BSP_LCD_DrawPixel
    bsp.o(i.BSP_LCD_DrawCharS) refers to bsp.o(i.BSP_LCD_FillRect) for BSP_LCD_FillRect
    bsp.o(i.BSP_LCD_DrawCharS) refers to bsp.o(.data) for _width
    bsp.o(i.BSP_LCD_DrawCharS) refers to bsp.o(.constdata) for Font
    bsp.o(i.BSP_LCD_DrawFastHLine) refers to bsp.o(i.setAddrWindow) for setAddrWindow
    bsp.o(i.BSP_LCD_DrawFastHLine) refers to bsp.o(i.writedata) for writedata
    bsp.o(i.BSP_LCD_DrawFastHLine) refers to bsp.o(.data) for _width
    bsp.o(i.BSP_LCD_DrawFastVLine) refers to bsp.o(i.setAddrWindow) for setAddrWindow
    bsp.o(i.BSP_LCD_DrawFastVLine) refers to bsp.o(i.writedata) for writedata
    bsp.o(i.BSP_LCD_DrawFastVLine) refers to bsp.o(.data) for _width
    bsp.o(i.BSP_LCD_DrawPixel) refers to bsp.o(i.setAddrWindow) for setAddrWindow
    bsp.o(i.BSP_LCD_DrawPixel) refers to bsp.o(i.pushColor) for pushColor
    bsp.o(i.BSP_LCD_DrawPixel) refers to bsp.o(.data) for _width
    bsp.o(i.BSP_LCD_DrawString) refers to bsp.o(i.BSP_LCD_DrawChar) for BSP_LCD_DrawChar
    bsp.o(i.BSP_LCD_Drawaxes) refers to bsp.o(i.BSP_LCD_FillRect) for BSP_LCD_FillRect
    bsp.o(i.BSP_LCD_Drawaxes) refers to bsp.o(i.BSP_LCD_DrawFastHLine) for BSP_LCD_DrawFastHLine
    bsp.o(i.BSP_LCD_Drawaxes) refers to bsp.o(i.BSP_LCD_DrawFastVLine) for BSP_LCD_DrawFastVLine
    bsp.o(i.BSP_LCD_Drawaxes) refers to bsp.o(i.BSP_LCD_DrawPixel) for BSP_LCD_DrawPixel
    bsp.o(i.BSP_LCD_Drawaxes) refers to bsp.o(i.BSP_LCD_DrawChar) for BSP_LCD_DrawChar
    bsp.o(i.BSP_LCD_Drawaxes) refers to bsp.o(.data) for Ymax
    bsp.o(i.BSP_LCD_FillRect) refers to bsp.o(i.setAddrWindow) for setAddrWindow
    bsp.o(i.BSP_LCD_FillRect) refers to bsp.o(i.writedata) for writedata
    bsp.o(i.BSP_LCD_FillRect) refers to bsp.o(.data) for _width
    bsp.o(i.BSP_LCD_FillScreen) refers to bsp.o(i.BSP_LCD_FillRect) for BSP_LCD_FillRect
    bsp.o(i.BSP_LCD_FillScreen) refers to bsp.o(.data) for _height
    bsp.o(i.BSP_LCD_Init) refers to bsp.o(i.ST7735_InitR) for ST7735_InitR
    bsp.o(i.BSP_LCD_OutUDec) refers to bsp.o(i.fillmessage) for fillmessage
    bsp.o(i.BSP_LCD_OutUDec) refers to bsp.o(i.BSP_LCD_DrawString) for BSP_LCD_DrawString
    bsp.o(i.BSP_LCD_OutUDec) refers to bsp.o(i.BSP_LCD_DrawChar) for BSP_LCD_DrawChar
    bsp.o(i.BSP_LCD_OutUDec) refers to bsp.o(.data) for StTextColor
    bsp.o(i.BSP_LCD_OutUDec) refers to bsp.o(.bss) for Message
    bsp.o(i.BSP_LCD_OutUDec4) refers to bsp.o(i.fillmessage4) for fillmessage4
    bsp.o(i.BSP_LCD_OutUDec4) refers to bsp.o(i.BSP_LCD_DrawString) for BSP_LCD_DrawString
    bsp.o(i.BSP_LCD_OutUDec4) refers to bsp.o(i.BSP_LCD_DrawChar) for BSP_LCD_DrawChar
    bsp.o(i.BSP_LCD_OutUDec4) refers to bsp.o(.data) for Messageindex
    bsp.o(i.BSP_LCD_OutUDec4) refers to bsp.o(.bss) for Message
    bsp.o(i.BSP_LCD_OutUDec5) refers to bsp.o(i.fillmessage5) for fillmessage5
    bsp.o(i.BSP_LCD_OutUDec5) refers to bsp.o(i.BSP_LCD_DrawString) for BSP_LCD_DrawString
    bsp.o(i.BSP_LCD_OutUDec5) refers to bsp.o(i.BSP_LCD_DrawChar) for BSP_LCD_DrawChar
    bsp.o(i.BSP_LCD_OutUDec5) refers to bsp.o(.data) for Messageindex
    bsp.o(i.BSP_LCD_OutUDec5) refers to bsp.o(.bss) for Message
    bsp.o(i.BSP_LCD_OutUFix2_1) refers to bsp.o(i.fillmessage2_1) for fillmessage2_1
    bsp.o(i.BSP_LCD_OutUFix2_1) refers to bsp.o(i.BSP_LCD_DrawString) for BSP_LCD_DrawString
    bsp.o(i.BSP_LCD_OutUFix2_1) refers to bsp.o(i.BSP_LCD_DrawChar) for BSP_LCD_DrawChar
    bsp.o(i.BSP_LCD_OutUFix2_1) refers to bsp.o(.data) for StY
    bsp.o(i.BSP_LCD_OutUFix2_1) refers to bsp.o(.bss) for Message
    bsp.o(i.BSP_LCD_OutUHex2) refers to bsp.o(i.fillmessage2_Hex) for fillmessage2_Hex
    bsp.o(i.BSP_LCD_OutUHex2) refers to bsp.o(i.BSP_LCD_DrawString) for BSP_LCD_DrawString
[...]
    startup_tm4c123.o(RESET) refers to bsp.o(i.WideTimer3A_Handler) for WideTimer3A_Handler
    startup_tm4c123.o(RESET) refers to bsp.o(i.WideTimer4A_Handler) for WideTimer4A_Handler
    startup_tm4c123.o(RESET) refers to bsp.o(i.WideTimer5A_Handler) for WideTimer5A_Handler
    startup_tm4c123.o(.text) refers (Special) to heapauxi.o(.text) for __use_two_region_memory
    startup_tm4c123.o(.text) refers to __main.o(!!!main) for __main
    startup_tm4c123.o(.text) refers to startup_tm4c123.o(HEAP) for Heap_Mem
    startup_tm4c123.o(.text) refers to startup_tm4c123.o(STACK) for Stack_Mem
    system_tm4c123.o(i.SystemCoreClockUpdate) refers to system_tm4c123.o(i.getOscClk) for getOscClk
    system_tm4c123.o(i.SystemCoreClockUpdate) refers to system_tm4c123.o(.data) for SystemCoreClock
    __main.o(!!!main) refers to __rtentry.o(.ARM.Collect$$rtentry$$00000000) for __rt_entry
    __rtentry.o(.ARM.Collect$$rtentry$$00000000) refers (Special) to __rtentry2.o(.ARM.Collect$$rtentry$$0000000A) for __rt_entry_li
    __rtentry.o(.ARM.Collect$$rtentry$$00000000) refers (Special) to __rtentry2.o(.ARM.Collect$$rtentry$$0000000D) for __rt_entry_main
    __rtentry.o(.ARM.Collect$$rtentry$$00000000) refers (Special) to __rtentry2.o(.ARM.Collect$$rtentry$$0000000C) for __rt_entry_postli_1
    __rtentry.o(.ARM.Collect$$rtentry$$00000000) refers (Special) to __rtentry2.o(.ARM.Collect$$rtentry$$00000009) for __rt_entry_postsh_1
    __rtentry.o(.ARM.Collect$$rtentry$$00000000) refers (Special) to __rtentry2.o(.ARM.Collect$$rtentry$$00000002) for __rt_entry_presh_1
    __rtentry.o(.ARM.Collect$$rtentry$$00000000) refers (Special) to __rtentry4.o(.ARM.Collect$$rtentry$$00000004) for __rt_entry_sh
    __rtentry2.o(.ARM.Collect$$rtentry$$00000008) refers to boardinit2.o(.text) for _platform_post_stackheap_init
    __rtentry2.o(.ARM.Collect$$rtentry$$0000000A) refers to libinit.o(.ARM.Collect$$libinit$$00000000) for __rt_lib_init
    __rtentry2.o(.ARM.Collect$$rtentry$$0000000B) refers to boardinit3.o(.text) for _platform_post_lib_init
    __rtentry2.o(.ARM.Collect$$rtentry$$0000000D) refers to lab3.o(i.main) for main
    __rtentry2.o(.ARM.Collect$$rtentry$$0000000D) refers to exit.o(.text) for exit
    __rtentry2.o(.ARM.exidx) refers to __rtentry2.o(.ARM.Collect$$rtentry$$00000001) for .ARM.Collect$$rtentry$$00000001
    __rtentry2.o(.ARM.exidx) refers to __rtentry2.o(.ARM.Collect$$rtentry$$00000008) for .ARM.Collect$$rtentry$$00000008
    __rtentry2.o(.ARM.exidx) refers to __rtentry2.o(.ARM.Collect$$rtentry$$0000000A) for .ARM.Collect$$rtentry$$0000000A
    __rtentry2.o(.ARM.exidx) refers to __rtentry2.o(.ARM.Collect$$rtentry$$0000000B) for .ARM.Collect$$rtentry$$0000000B
    __rtentry2.o(.ARM.exidx) refers to __rtentry2.o(.ARM.Collect$$rtentry$$0000000D) for .ARM.Collect$$rtentry$$0000000D
    __rtentry4.o(.ARM.Collect$$rtentry$$00000004) refers to sys_stackheap_outer.o(.text) for __user_setup_stackheap
    __rtentry4.o(.ARM.exidx) refers to __rtentry4.o(.ARM.Collect$$rtentry$$00000004) for .ARM.Collect$$rtentry$$00000004
    sys_stackheap_outer.o(.text) refers to libspace.o(.text) for __user_perproc_libspace
    sys_stackheap_outer.o(.text) refers to startup_tm4c123.o(.text) for __user_initial_stackheap
    exit.o(.text) refers to rtexit.o(.ARM.Collect$$rtexit$$00000000) for __rt_exit
    libinit.o(.ARM.Collect$$libinit$$00000000) refers (Special) to libinit2.o(.ARM.Collect$$libinit$$0000002E) for __rt_lib_init_alloca_1
    libinit.o(.ARM.Collect$$libinit$$00000000) refers (Special) to libinit2.o(.ARM.Collect$$libinit$$0000002C) for __rt_lib_init_argv_1
    libinit.o(.ARM.Collect$$libinit$$00000000) refers (Special) to libinit2.o(.ARM.Collect$$libinit$$0000001B) for __rt_lib_init_atexit_1
    libinit.o(.ARM.Collect$$libinit$$00000000) refers (Special) to libinit2.o(.ARM.Collect$$libinit$$00000021) for __rt_lib_init_clock_1
    libinit.o(.ARM.Collect$$libinit$$00000000) refers (Special) to libinit2.o(.ARM.Collect$$libinit$$00000032) for __rt_lib_init_cpp_1
    libinit.o(.ARM.Collect$$libinit$$00000000) refers (Special) to libinit2.o(.ARM.Collect$$libinit$$00000030) for __rt_lib_init_exceptions_1
    libinit.o(.ARM.Collect$$libinit$$00000000) refers (Special) to libinit2.o(.ARM.Collect$$libinit$$00000002) for __rt_lib_init_fp_1
    libinit.o(.ARM.Collect$$libinit$$00000000) refers (Special) to libinit2.o(.ARM.Collect$$libinit$$0000001F) for __rt_lib_init_fp_trap_1
    libinit.o(.ARM.Collect$$libinit$$00000000) refers (Special) to libinit2.o(.ARM.Collect$$libinit$$00000023) for __rt_lib_init_getenv_1
    libinit.o(.ARM.Collect$$libinit$$00000000) refers (Special) to libinit2.o(.ARM.Collect$$libinit$$0000000A) for __rt_lib_init_heap_1
    libinit.o(.ARM.Collect$$libinit$$00000000) refers (Special) to libinit2.o(.ARM.Collect$$libinit$$00000011) for __rt_lib_init_lc_collate_1
    libinit.o(.ARM.Collect$$libinit$$00000000) refers (Special) to libinit2.o(.ARM.Collect$$libinit$$00000013) for __rt_lib_init_lc_ctype_1
    libinit.o(.ARM.Collect$$libinit$$00000000) refers (Special) to libinit2.o(.ARM.Collect$$libinit$$00000015) for __rt_lib_init_lc_monetary_1
    libinit.o(.ARM.Collect$$libinit$$00000000) refers (Special) to libinit2.o(.ARM.Collect$$libinit$$00000017) for __rt_lib_init_lc_numeric_1
    libinit.o(.ARM.Collect$$libinit$$00000000) refers (Special) to libinit2.o(.ARM.Collect$$libinit$$00000019) for __rt_lib_init_lc_time_1
    libinit.o(.ARM.Collect$$libinit$$00000000) refers (Special) to libinit2.o(.ARM.Collect$$libinit$$00000004) for __rt_lib_init_preinit_1
    libinit.o(.ARM.Collect$$libinit$$00000000) refers (Special) to libinit2.o(.ARM.Collect$$libinit$$0000000E) for __rt_lib_init_rand_1
    libinit.o(.ARM.Collect$$libinit$$00000000) refers (Special) to libinit2.o(.ARM.Collect$$libinit$$00000033) for __rt_lib_init_return
    libinit.o(.ARM.Collect$$libinit$$00000000) refers (Special) to libinit2.o(.ARM.Collect$$libinit$$0000001D) for __rt_lib_init_signal_1
    libinit.o(.ARM.Collect$$libinit$$00000000) refers (Special) to libinit2.o(.ARM.Collect$$libinit$$00000025) for __rt_lib_init_stdio_1
    libinit.o(.ARM.Collect$$libinit$$00000000) refers (Special) to libinit2.o(.ARM.Collect$$libinit$$0000000C) for __rt_lib_init_user_alloc_1
    libspace.o(.text) refers to libspace.o(.bss) for __libspace_start
    rtexit.o(.ARM.Collect$$rtexit$$00000000) refers (Special) to rtexit2.o(.ARM.Collect$$rtexit$$00000004) for __rt_exit_exit
    rtexit.o(.ARM.Collect$$rtexit$$00000000) refers (Special) to rtexit2.o(.ARM.Collect$$rtexit$$00000003) for __rt_exit_ls
    rtexit.o(.ARM.Collect$$rtexit$$00000000) refers (Special) to rtexit2.o(.ARM.Collect$$rtexit$$00000002) for __rt_exit_prels_1
    rtexit.o(.ARM.exidx) refers (Special) to rtexit2.o(.ARM.Collect$$rtexit$$00000004) for __rt_exit_exit
    rtexit.o(.ARM.exidx) refers (Special) to rtexit2.o(.ARM.Collect$$rtexit$$00000003) for __rt_exit_ls
    rtexit.o(.ARM.exidx) refers (Special) to rtexit2.o(.ARM.Collect$$rtexit$$00000002) for __rt_exit_prels_1
    rtexit.o(.ARM.exidx) refers to rtexit.o(.ARM.Collect$$rtexit$$00000000) for .ARM.Collect$$rtexit$$00000000
    libinit2.o(.ARM.Collect$$libinit$$00000010) refers to libinit2.o(.ARM.Collect$$libinit$$0000000F) for .ARM.Collect$$libinit$$0000000F
    libinit2.o(.ARM.Collect$$libinit$$00000012) refers to libinit2.o(.ARM.Collect$$libinit$$0000000F) for .ARM.Collect$$libinit$$0000000F
    libinit2.o(.ARM.Collect$$libinit$$00000014) refers to libinit2.o(.ARM.Collect$$libinit$$0000000F) for .ARM.Collect$$libinit$$0000000F
    libinit2.o(.ARM.Collect$$libinit$$00000016) refers to libinit2.o(.ARM.Collect$$libinit$$0000000F) for .ARM.Collect$$libinit$$0000000F
    libinit2.o(.ARM.Collect$$libinit$$00000018) refers to libinit2.o(.ARM.Collect$$libinit$$0000000F) for .ARM.Collect$$libinit$$0000000F
    libinit2.o(.ARM.Collect$$libinit$$00000026) refers to argv_veneer.o(.emb_text) for __ARM_argv_veneer
    libinit2.o(.ARM.Collect$$libinit$$00000027) refers to argv_veneer.o(.emb_text) for __ARM_argv_veneer
    rtexit2.o(.ARM.Collect$$rtexit$$00000003) refers to libshutdown.o(.ARM.Collect$$libshutdown$$00000000) for __rt_lib_shutdown
    rtexit2.o(.ARM.Collect$$rtexit$$00000004) refers to sys_exit.o(.text) for _sys_exit
    rtexit2.o(.ARM.exidx) refers to rtexit2.o(.ARM.Collect$$rtexit$$00000001) for .ARM.Collect$$rtexit$$00000001
    rtexit2.o(.ARM.exidx) refers to rtexit2.o(.ARM.Collect$$rtexit$$00000003) for .ARM.Collect$$rtexit$$00000003
    rtexit2.o(.ARM.exidx) refers to rtexit2.o(.ARM.Collect$$rtexit$$00000004) for .ARM.Collect$$rtexit$$00000004
    argv_veneer.o(.emb_text) refers to no_argv.o(.text) for __ARM_get_argv
    sys_exit.o(.text) refers (Special) to use_no_semi.o(.text) for __I$use$semihosting
    sys_exit.o(.text) refers (Special) to indicate_semi.o(.text) for __semihosting_library_function
    _get_argv_nomalloc.o(.text) refers (Special) to hrguard.o(.text) for __heap_region$guard
    _get_argv_nomalloc.o(.text) refers to defsig_rtmem_outer.o(.text) for __rt_SIGRTMEM
    _get_argv_nomalloc.o(.text) refers to sys_command.o(.text) for _sys_command_string
    libshutdown.o(.ARM.Collect$$libshutdown$$00000000) refers (Special) to libshutdown2.o(.ARM.Collect$$libshutdown$$00000002) for __rt_lib_shutdown_cpp_1
    libshutdown.o(.ARM.Collect$$libshutdown$$00000000) refers (Special) to libshutdown2.o(.ARM.Collect$$libshutdown$$00000007) for __rt_lib_shutdown_fp_trap_1
    libshutdown.o(.ARM.Collect$$libshutdown$$00000000) refers (Special) to libshutdown2.o(.ARM.Collect$$libshutdown$$0000000F) for __rt_lib_shutdown_heap_1
    libshutdown.o(.ARM.Collect$$libshutdown$$00000000) refers (Special) to libshutdown2.o(.ARM.Collect$$libshutdown$$00000010) for __rt_lib_shutdown_return
    libshutdown.o(.ARM.Collect$$libshutdown$$00000000) refers (Special) to libshutdown2.o(.ARM.Collect$$libshutdown$$0000000A) for __rt_lib_shutdown_signal_1
    libshutdown.o(.ARM.Collect$$libshutdown$$00000000) refers (Special) to libshutdown2.o(.ARM.Collect$$libshutdown$$00000004) for __rt_lib_shutdown_stdio_1
    libshutdown.o(.ARM.Collect$$libshutdown$$00000000) refers (Special) to libshutdown2.o(.ARM.Collect$$libshutdown$$0000000C) for __rt_lib_shutdown_user_alloc_1
    sys_command.o(.text) refers (Special) to use_no_semi.o(.text) for __I$use$semihosting
    sys_command.o(.text) refers (Special) to indicate_semi.o(.text) for __semihosting_library_function
    defsig_rtmem_outer.o(.text) refers to defsig_rtmem_inner.o(.text) for __rt_SIGRTMEM_inner
    defsig_rtmem_outer.o(.text) refers to defsig_exit.o(.text) for __sig_exit
    defsig_rtmem_formal.o(.text) refers to rt_raise.o(.text) for __rt_raise
    rt_raise.o(.text) refers to __raise.o(.text) for __raise
    rt_raise.o(.text) refers to sys_exit.o(.text) for _sys_exit
    defsig_exit.o(.text) refers to sys_exit.o(.text) for _sys_exit
    defsig_rtmem_inner.o(.text) refers to defsig_general.o(.text) for __default_signal_display
    __raise.o(.text) refers to defsig.o(CL$$defsig) for __default_signal_handler
    defsig_general.o(.text) refers to sys_wrch.o(.text) for _ttywrch
    sys_wrch.o(.text) refers (Special) to use_no_semi.o(.text) for __I$use$semihosting
    sys_wrch.o(.text) refers (Special) to indicate_semi.o(.text) for __semihosting_library_function
    defsig.o(CL$$defsig) refers to defsig_rtmem_inner.o(.text) for __rt_SIGRTMEM_inner
    defsig_abrt_inner.o(.text) refers to defsig_general.o(.text) for __default_signal_display
    defsig_fpe_inner.o(.text) refers to defsig_general.o(.text) for __default_signal_display
    defsig_rtred_inner.o(.text) refers to defsig_general.o(.text) for __default_signal_display
    defsig_stak_inner.o(.text) refers to defsig_general.o(.text) for __default_signal_display
    defsig_pvfn_inner.o(.text) refers to defsig_general.o(.text) for __default_signal_display
    defsig_cppl_inner.o(.text) refers to defsig_general.o(.text) for __default_signal_display
    defsig_segv_inner.o(.text) refers to defsig_general.o(.text) for __default_signal_display
    defsig_other.o(.text) refers to defsig_general.o(.text) for __default_signal_display


==============================================================================

Removing Unused input sections from the image.

    Removing bsp.o(.emb_text), (6 bytes).
    Removing bsp.o(i.BSP_Accelerometer_Init), (176 bytes).
    Removing bsp.o(i.BSP_Accelerometer_Input), (72 bytes).
    Removing bsp.o(i.BSP_Button1_Init), (128 bytes).
    Removing bsp.o(i.BSP_Button1_Input), (12 bytes).
    Removing bsp.o(i.BSP_Button2_Init), (144 bytes).
    Removing bsp.o(i.BSP_Button2_Input), (12 bytes).
    Removing bsp.o(i.BSP_Buzzer_Init), (212 bytes).
    Removing bsp.o(i.BSP_Buzzer_Set), (32 bytes).
    Removing bsp.o(i.BSP_Delay1ms), (22 bytes).
    Removing bsp.o(i.BSP_Joystick_Init), (304 bytes).
    Removing bsp.o(i.BSP_Joystick_Input), (64 bytes).
    Removing bsp.o(i.BSP_LCD_Color565), (24 bytes).
    Removing bsp.o(i.BSP_LCD_DrawBitmap), (288 bytes).
    Removing bsp.o(i.BSP_LCD_DrawChar), (272 bytes).
    Removing bsp.o(i.BSP_LCD_DrawCharS), (248 bytes).
    Removing bsp.o(i.BSP_LCD_DrawFastHLine), (124 bytes).
    Removing bsp.o(i.BSP_LCD_DrawFastVLine), (124 bytes).
    Removing bsp.o(i.BSP_LCD_DrawPixel), (72 bytes).
    Removing bsp.o(i.BSP_LCD_DrawString), (86 bytes).
    Removing bsp.o(i.BSP_LCD_Drawaxes), (292 bytes).
    Removing bsp.o(i.BSP_LCD_FillRect), (172 bytes).
    Removing bsp.o(i.BSP_LCD_FillScreen), (36 bytes).
    Removing bsp.o(i.BSP_LCD_Init), (10 bytes).
    Removing bsp.o(i.BSP_LCD_OutUDec), (144 bytes).
    Removing bsp.o(i.BSP_LCD_OutUDec4), (136 bytes).
    Removing bsp.o(i.BSP_LCD_OutUDec5), (136 bytes).
    Removing bsp.o(i.BSP_LCD_OutUFix2_1), (112 bytes).
    Removing bsp.o(i.BSP_LCD_OutUHex2), (112 bytes).
    Removing bsp.o(i.BSP_LCD_PlotIncrement), (56 bytes).
    Removing bsp.o(i.BSP_LCD_PlotPoint), (100 bytes).
    Removing bsp.o(i.BSP_LCD_SetCursor), (32 bytes).
    Removing bsp.o(i.BSP_LCD_SwapColor), (18 bytes).
    Removing bsp.o(i.BSP_LightSensor_End), (68 bytes).
    Removing bsp.o(i.BSP_LightSensor_Init), (84 bytes).
    Removing bsp.o(i.BSP_LightSensor_Input), (52 bytes).
    Removing bsp.o(i.BSP_LightSensor_Start), (28 bytes).
    Removing bsp.o(i.BSP_Microphone_Init), (172 bytes).
    Removing bsp.o(i.BSP_Microphone_Input), (44 bytes).
    Removing bsp.o(i.BSP_PeriodicTask_InitB), (188 bytes).
    Removing bsp.o(i.BSP_PeriodicTask_InitC), (188 bytes).
    Removing bsp.o(i.BSP_PeriodicTask_Restart), (24 bytes).
    Removing bsp.o(i.BSP_PeriodicTask_Stop), (24 bytes).
    Removing bsp.o(i.BSP_PeriodicTask_StopB), (24 bytes).
    Removing bsp.o(i.BSP_PeriodicTask_StopC), (24 bytes).
    Removing bsp.o(i.BSP_RGB_D_Init), (344 bytes).
    Removing bsp.o(i.BSP_RGB_D_Set), (64 bytes).
    Removing bsp.o(i.BSP_RGB_D_Toggle), (60 bytes).
    Removing bsp.o(i.BSP_RGB_Init), (576 bytes).
    Removing bsp.o(i.BSP_RGB_Set), (80 bytes).
    Removing bsp.o(i.BSP_TempSensor_End), (76 bytes).
    Removing bsp.o(i.BSP_TempSensor_Init), (84 bytes).
    Removing bsp.o(i.BSP_TempSensor_Input), (60 bytes).
    Removing bsp.o(i.BSP_TempSensor_Start), (28 bytes).
    Removing bsp.o(i.I2C_Recv2), (120 bytes).
    Removing bsp.o(i.I2C_Send1), (72 bytes).
    Removing bsp.o(i.I2C_Send3), (176 bytes).
    Removing bsp.o(i.ST7735_InitR), (116 bytes).
    Removing bsp.o(i.adcinit), (76 bytes).
    Removing bsp.o(i.commandList), (86 bytes).
    Removing bsp.o(i.commonInit), (516 bytes).
    Removing bsp.o(i.fillmessage), (72 bytes).
    Removing bsp.o(i.fillmessage2_1), (96 bytes).
    Removing bsp.o(i.fillmessage2_Hex), (84 bytes).
    Removing bsp.o(i.fillmessage4), (100 bytes).
    Removing bsp.o(i.fillmessage5), (128 bytes).
    Removing bsp.o(i.i2cinit), (148 bytes).
    Removing bsp.o(i.lightsensorend), (80 bytes).
    Removing bsp.o(i.lightsensorstart), (36 bytes).
    Removing bsp.o(i.pushColor), (18 bytes).
    Removing bsp.o(i.setAddrWindow), (116 bytes).
    Removing bsp.o(i.tempsensorend), (68 bytes).
    Removing bsp.o(i.tempsensorstart), (18 bytes).
    Removing bsp.o(i.writecommand), (72 bytes).
    Removing bsp.o(i.writedata), (72 bytes).
    Removing bsp.o(.bss), (12 bytes).
    Removing bsp.o(.constdata), (1403 bytes).
    Removing lab3.o(i.Task0), (140 bytes).
    Removing lab3.o(i.Task0_Init), (20 bytes).
    Removing lab3.o(i.Task1), (116 bytes).
    Removing lab3.o(i.Task1_Init), (104 bytes).
    Removing lab3.o(i.Task2), (452 bytes).
    Removing lab3.o(i.Task3), (328 bytes).
    Removing lab3.o(i.Task4), (104 bytes).
    Removing lab3.o(i.Task5), (392 bytes).
    Removing lab3.o(i.Task6), (104 bytes).
    Removing lab3.o(i.Task7), (28 bytes).
    Removing lab3.o(i.TaskA), (60 bytes).
    Removing lab3.o(i.TaskB), (56 bytes).
    Removing lab3.o(i.TaskC), (60 bytes).
    Removing lab3.o(i.TaskD), (56 bytes).
    Removing lab3.o(i.TaskE), (60 bytes).
    Removing lab3.o(i.TaskF), (60 bytes).
    Removing lab3.o(i.TaskG), (88 bytes).
    Removing lab3.o(i.TaskH), (96 bytes).
    Removing lab3.o(i.TaskI), (44 bytes).
    Removing lab3.o(i.TaskJ), (44 bytes).
    Removing lab3.o(i.TaskK), (44 bytes).
    Removing lab3.o(i.TaskL), (48 bytes).
    Removing lab3.o(i.TaskS), (72 bytes).
    Removing lab3.o(i.TaskT), (96 bytes).
    Removing lab3.o(i.TaskU), (48 bytes).
    Removing lab3.o(i.TaskV), (56 bytes).
    Removing lab3.o(i.TaskW), (52 bytes).
    Removing lab3.o(i.TaskX), (56 bytes).
    Removing lab3.o(i.TaskY), (56 bytes).
    Removing lab3.o(i.TaskZ), (24 bytes).
    Removing lab3.o(i.drawaxes), (276 bytes).
    Removing lab3.o(i.main_step1), (64 bytes).
    Removing lab3.o(i.main_step2), (124 bytes).
    Removing lab3.o(i.main_step3), (92 bytes).
    Removing lab3.o(i.main_step5), (128 bytes).
    Removing lab3.o(i.sqrt32), (30 bytes).
    Removing lab3.o(.bss), (2000 bytes).
    Removing profile.o(i.Profile_Get), (76 bytes).
    Removing texas.o(i.TExaS_Task6), (64 bytes).
    Removing texas.o(i.UART_InChar), (28 bytes).
    Removing texas.o(i.UART_InCharNonBlocking), (28 bytes).
    Removing texas.o(i.UART_InString), (66 bytes).
    Removing texas.o(i.UART_InUDec), (76 bytes).
    Removing texas.o(i.UART_InUHex), (104 bytes).
    Removing texas.o(i.UART_OutCharNonBlock), (12 bytes).
    Removing texas.o(i.UART_OutUDec4), (68 bytes).
    Removing texas.o(i.UART_OutUDec5), (68 bytes).
    Removing texas.o(i.UART_OutUDec6), (68 bytes).
    Removing texas.o(i.UART_OutUHex), (52 bytes).
    Removing texas.o(i.fillmessage4b), (88 bytes).
    Removing texas.o(i.fillmessage5b), (128 bytes).
    Removing texas.o(i.fillmessage6b), (160 bytes).
    Removing system_tm4c123.o(.rev16_text), (4 bytes).
    Removing system_tm4c123.o(.revsh_text), (4 bytes).
    Removing system_tm4c123.o(.rrx_text), (6 bytes).
    Removing system_tm4c123.o(i.SystemCoreClockUpdate), (196 bytes).
    Removing system_tm4c123.o(i.SystemInit), (136 bytes).
    Removing system_tm4c123.o(i.getOscClk), (248 bytes).
    Removing system_tm4c123.o(.data), (4 bytes).

136 unused section(s) (total 17117 bytes) removed from the image.

==============================================================================

Image Symbol Table

    Local Symbols

    Symbol Name                              Value     Ov Type        Size  Object(Section)

    RESET                                    0x00000000   Section      620  startup_tm4c123.o(RESET)
    ../clib/angel/boardlib.s                 0x00000000   Number         0  boardinit3.o ABSOLUTE
    ../clib/angel/boardlib.s                 0x00000000   Number         0  boardinit2.o ABSOLUTE
    ../clib/angel/boardlib.s                 0x00000000   Number         0  boardinit1.o ABSOLUTE
    ../clib/angel/boardlib.s                 0x00000000   Number         0  boardshut.o ABSOLUTE
    ../clib/angel/dczerorl.s                 0x00000000   Number         0  __dczerorl.o ABSOLUTE
    ../clib/angel/handlers.s                 0x00000000   Number         0  __scatter_zi.o ABSOLUTE
    ../clib/angel/kernel.s                   0x00000000   Number         0  __rtentry4.o ABSOLUTE
    ../clib/angel/kernel.s                   0x00000000   Number         0  rtexit.o ABSOLUTE
    ../clib/angel/kernel.s                   0x00000000   Number         0  __rtentry2.o ABSOLUTE
    ../clib/angel/kernel.s                   0x00000000   Number         0  __rtentry.o ABSOLUTE
    ../clib/angel/kernel.s                   0x00000000   Number         0  rtexit2.o ABSOLUTE
    ../clib/angel/rt.s                       0x00000000   Number         0  rt_raise.o ABSOLUTE
    ../clib/angel/scatter.s                  0x00000000   Number         0  __scatter.o ABSOLUTE
    ../clib/angel/startup.s                  0x00000000   Number         0  __main.o ABSOLUTE
    ../clib/angel/sys.s                      0x00000000   Number         0  libspace.o ABSOLUTE
    ../clib/angel/sys.s                      0x00000000   Number         0  use_no_semi.o ABSOLUTE
    ../clib/angel/sys.s                      0x00000000   Number         0  sys_stackheap_outer.o ABSOLUTE
    ../clib/angel/sys.s                      0x00000000   Number         0  indicate_semi.o ABSOLUTE
    ../clib/angel/sysapp.c                   0x00000000   Number         0  sys_command.o ABSOLUTE
    ../clib/angel/sysapp.c                   0x00000000   Number         0  sys_wrch.o ABSOLUTE
    ../clib/angel/sysapp.c                   0x00000000   Number         0  sys_exit.o ABSOLUTE
    ../clib/armsys.c                         0x00000000   Number         0  _get_argv_nomalloc.o ABSOLUTE
    ../clib/armsys.c                         0x00000000   Number         0  no_argv.o ABSOLUTE
    ../clib/armsys.c                         0x00000000   Number         0  argv_veneer.o ABSOLUTE
    ../clib/armsys.c                         0x00000000   Number         0  argv_veneer.o ABSOLUTE
    ../clib/heapalloc.c                      0x00000000   Number         0  hrguard.o ABSOLUTE
    ../clib/heapaux.c                        0x00000000   Number         0  heapauxi.o ABSOLUTE
    ../clib/libinit.s                        0x00000000   Number         0  libinit.o ABSOLUTE
    ../clib/libinit.s                        0x00000000   Number         0  libinit2.o ABSOLUTE
    ../clib/libinit.s                        0x00000000   Number         0  libshutdown.o ABSOLUTE
    ../clib/libinit.s                        0x00000000   Number         0  libshutdown2.o ABSOLUTE
    ../clib/signal.c                         0x00000000   Number         0  __raise.o ABSOLUTE
    ../clib/signal.c                         0x00000000   Number         0  defsig_cppl_inner.o ABSOLUTE
    ../clib/signal.c                         0x00000000   Number         0  defsig_pvfn_inner.o ABSOLUTE
    ../clib/signal.c                         0x00000000   Number         0  defsig_stak_inner.o ABSOLUTE
    ../clib/signal.c                         0x00000000   Number         0  defsig_rtmem_formal.o ABSOLUTE
    ../clib/signal.c                         0x00000000   Number         0  defsig_fpe_inner.o ABSOLUTE
    ../clib/signal.c                         0x00000000   Number         0  defsig_abrt_inner.o ABSOLUTE
    ../clib/signal.c                         0x00000000   Number         0  defsig_rtmem_outer.o ABSOLUTE
    ../clib/signal.c                         0x00000000   Number         0  defsig_general.o ABSOLUTE
    ../clib/signal.c                         0x00000000   Number         0  defsig_exit.o ABSOLUTE
    ../clib/signal.c                         0x00000000   Number         0  defsig_other.o ABSOLUTE
    ../clib/signal.c                         0x00000000   Number         0  defsig_rtmem_inner.o ABSOLUTE
    ../clib/signal.c                         0x00000000   Number         0  defsig_segv_inner.o ABSOLUTE
    ../clib/signal.c                         0x00000000   Number         0  defsig_rtred_inner.o ABSOLUTE
    ../clib/signal.s                         0x00000000   Number         0  defsig.o ABSOLUTE
    ../clib/stdlib.c                         0x00000000   Number         0  exit.o ABSOLUTE
    ../fplib/fpinit.s                        0x00000000   Number         0  fpinit.o ABSOLUTE
    ..\\inc\\BSP.c                           0x00000000   Number         0  bsp.o ABSOLUTE
    ..\inc\BSP.c                             0x00000000   Number         0  bsp.o ABSOLUTE
    ..\inc\Profile.c                         0x00000000   Number         0  profile.o ABSOLUTE
    Lab3.c                                   0x00000000   Number         0  lab3.o ABSOLUTE
    RTE\Device\TM4C123GH6PM\startup_TM4C123.s 0x00000000   Number         0  startup_tm4c123.o ABSOLUTE
    RTE\Device\TM4C123GH6PM\system_TM4C123.c 0x00000000   Number         0  system_tm4c123.o ABSOLUTE
    RTE\\Device\\TM4C123GH6PM\\system_TM4C123.c 0x00000000   Number         0  system_tm4c123.o ABSOLUTE
    Texas.c                                  0x00000000   Number         0  texas.o ABSOLUTE
    dc.s                                     0x00000000   Number         0  dc.o ABSOLUTE
    os.c                                     0x00000000   Number         0  os.o ABSOLUTE
    osasm.s                                  0x00000000   Number         0  osasm.o ABSOLUTE
    !!!main                                  0x0000026c   Section        8  __main.o(!!!main)
    !!!scatter                               0x00000274   Section       52  __scatter.o(!!!scatter)
    !!dczerorl                               0x000002a8   Section       58  __dczerorl.o(!!dczerorl)
    !!handler_zi                             0x000002e4   Section       28  __scatter_zi.o(!!handler_zi)
    .ARM.Collect$$libinit$$00000000          0x00000300   Section        2  libinit.o(.ARM.Collect$$libinit$$00000000)
    .ARM.Collect$$libinit$$00000002          0x00000302   Section        0  libinit2.o(.ARM.Collect$$libinit$$00000002)
    .ARM.Collect$$libinit$$00000004          0x00000302   Section        0  libinit2.o(.ARM.Collect$$libinit$$00000004)
    .ARM.Collect$$libinit$$0000000A          0x00000302   Section        0  libinit2.o(.ARM.Collect$$libinit$$0000000A)
    .ARM.Collect$$libinit$$0000000C          0x00000302   Section        0  libinit2.o(.ARM.Collect$$libinit$$0000000C)
    .ARM.Collect$$libinit$$0000000E          0x00000302   Section        0  libinit2.o(.ARM.Collect$$libinit$$0000000E)
    .ARM.Collect$$libinit$$00000011          0x00000302   Section        0  libinit2.o(.ARM.Collect$$libinit$$00000011)
    .ARM.Collect$$libinit$$00000013          0x00000302   Section        0  libinit2.o(.ARM.Collect$$libinit$$00000013)
    .ARM.Collect$$libinit$$00000015          0x00000302   Section        0  libinit2.o(.ARM.Collect$$libinit$$00000015)
    .ARM.Collect$$libinit$$00000017          0x00000302   Section        0  libinit2.o(.ARM.Collect$$libinit$$00000017)
    .ARM.Collect$$libinit$$00000019          0x00000302   Section        0  libinit2.o(.ARM.Collect$$libinit$$00000019)
    .ARM.Collect$$libinit$$0000001B          0x00000302   Section        0  libinit2.o(.ARM.Collect$$libinit$$0000001B)
    .ARM.Collect$$libinit$$0000001D          0x00000302   Section        0  libinit2.o(.ARM.Collect$$libinit$$0000001D)
    .ARM.Collect$$libinit$$0000001F          0x00000302   Section        0  libinit2.o(.ARM.Collect$$libinit$$0000001F)
    .ARM.Collect$$libinit$$00000021          0x00000302   Section        0  libinit2.o(.ARM.Collect$$libinit$$00000021)
    .ARM.Collect$$libinit$$00000023          0x00000302   Section        0  libinit2.o(.ARM.Collect$$libinit$$00000023)
    .ARM.Collect$$libinit$$00000025          0x00000302   Section        0  libinit2.o(.ARM.Collect$$libinit$$00000025)
    .ARM.Collect$$libinit$$0000002C          0x00000302   Section        0  libinit2.o(.ARM.Collect$$libinit$$0000002C)
    .ARM.Collect$$libinit$$0000002E          0x00000302   Section        0  libinit2.o(.ARM.Collect$$libinit$$0000002E)
    .ARM.Collect$$libinit$$00000030          0x00000302   Section        0  libinit2.o(.ARM.Collect$$libinit$$00000030)
    .ARM.Collect$$libinit$$00000032          0x00000302   Section        0  libinit2.o(.ARM.Collect$$libinit$$00000032)
    .ARM.Collect$$libinit$$00000033          0x00000302   Section        2  libinit2.o(.ARM.Collect$$libinit$$00000033)
    .ARM.Collect$$libshutdown$$00000000      0x00000304   Section        2  libshutdown.o(.ARM.Collect$$libshutdown$$00000000)
    .ARM.Collect$$libshutdown$$00000002      0x00000306   Section        0  libshutdown2.o(.ARM.Collect$$libshutdown$$00000002)
    .ARM.Collect$$libshutdown$$00000004      0x00000306   Section        0  libshutdown2.o(.ARM.Collect$$libshutdown$$00000004)
    .ARM.Collect$$libshutdown$$00000007      0x00000306   Section        0  libshutdown2.o(.ARM.Collect$$libshutdown$$00000007)
    .ARM.Collect$$libshutdown$$0000000A      0x00000306   Section        0  libshutdown2.o(.ARM.Collect$$libshutdown$$0000000A)
    .ARM.Collect$$libshutdown$$0000000C      0x00000306   Section        0  libshutdown2.o(.ARM.Collect$$libshutdown$$0000000C)
    .ARM.Collect$$libshutdown$$0000000F      0x00000306   Section        0  libshutdown2.o(.ARM.Collect$$libshutdown$$0000000F)
    .ARM.Collect$$libshutdown$$00000010      0x00000306   Section        2  libshutdown2.o(.ARM.Collect$$libshutdown$$00000010)
    .ARM.Collect$$rtentry$$00000000          0x00000308   Section        0  __rtentry.o(.ARM.Collect$$rtentry$$00000000)
    .ARM.Collect$$rtentry$$00000002          0x00000308   Section        0  __rtentry2.o(.ARM.Collect$$rtentry$$00000002)
    .ARM.Collect$$rtentry$$00000004          0x00000308   Section        6  __rtentry4.o(.ARM.Collect$$rtentry$$00000004)
    .ARM.Collect$$rtentry$$00000009          0x0000030e   Section        0  __rtentry2.o(.ARM.Collect$$rtentry$$00000009)
    .ARM.Collect$$rtentry$$0000000A          0x0000030e   Section        4  __rtentry2.o(.ARM.Collect$$rtentry$$0000000A)
    .ARM.Collect$$rtentry$$0000000C          0x00000312   Section        0  __rtentry2.o(.ARM.Collect$$rtentry$$0000000C)
    .ARM.Collect$$rtentry$$0000000D          0x00000312   Section        8  __rtentry2.o(.ARM.Collect$$rtentry$$0000000D)
    .ARM.Collect$$rtexit$$00000000           0x0000031a   Section        2  rtexit.o(.ARM.Collect$$rtexit$$00000000)
    .ARM.Collect$$rtexit$$00000002           0x0000031c   Section        0  rtexit2.o(.ARM.Collect$$rtexit$$00000002)
    .ARM.Collect$$rtexit$$00000003           0x0000031c   Section        4  rtexit2.o(.ARM.Collect$$rtexit$$00000003)
    .ARM.Collect$$rtexit$$00000004           0x00000320   Section        6  rtexit2.o(.ARM.Collect$$rtexit$$00000004)
    .text                                    0x00000328   Section       72  osasm.o(.text)
    .text                                    0x00000370   Section      292  startup_tm4c123.o(.text)
    .text                                    0x00000494   Section        0  heapauxi.o(.text)
    .text                                    0x0000049a   Section       74  sys_stackheap_outer.o(.text)
    .text                                    0x000004e4   Section        0  exit.o(.text)
    .text                                    0x000004f8   Section        8  libspace.o(.text)
    .text                                    0x00000500   Section        0  sys_exit.o(.text)
    .text                                    0x0000050c   Section        2  use_no_semi.o(.text)
    .text                                    0x0000050e   Section        0  indicate_semi.o(.text)
    i.BSP_Clock_GetFreq                      0x00000510   Section        0  bsp.o(i.BSP_Clock_GetFreq)
    i.BSP_Clock_InitFastest                  0x0000051c   Section        0  bsp.o(i.BSP_Clock_InitFastest)
    i.BSP_PeriodicTask_Init                  0x000005a8   Section        0  bsp.o(i.BSP_PeriodicTask_Init)
    i.BSP_Time_Get                           0x00000668   Section        0  bsp.o(i.BSP_Time_Get)
    i.BSP_Time_Init                          0x00000678   Section        0  bsp.o(i.BSP_Time_Init)
    i.Encrypt                                0x000006e4   Section        0  texas.o(i.Encrypt)
    Encrypt                                  0x000006e5   Thumb Code    86  texas.o(i.Encrypt)
    i.Grader                                 0x0000074c   Section        0  texas.o(i.Grader)
    i.LogicAnalyzer                          0x00000bfc   Section        0  texas.o(i.LogicAnalyzer)
    i.NonrealTimeResults                     0x00000c10   Section        0  texas.o(i.NonrealTimeResults)
    i.OS_AddPeriodicEventThread              0x00000cb0   Section        0  os.o(i.OS_AddPeriodicEventThread)
    i.OS_AddThreads                          0x00000cc4   Section        0  os.o(i.OS_AddThreads)
    i.OS_FIFO_Get                            0x00000d74   Section        0  os.o(i.OS_FIFO_Get)
    i.OS_FIFO_Init                           0x00000dac   Section        0  os.o(i.OS_FIFO_Init)
    i.OS_FIFO_Put                            0x00000dd0   Section        0  os.o(i.OS_FIFO_Put)
    i.OS_Init                                0x00000e24   Section        0  os.o(i.OS_Init)
    i.OS_InitSemaphore                       0x00000e40   Section        0  os.o(i.OS_InitSemaphore)
    i.OS_Launch                              0x00000e44   Section        0  os.o(i.OS_Launch)
    i.OS_Signal                              0x00000e78   Section        0  os.o(i.OS_Signal)
    i.OS_Sleep                               0x00000eac   Section        0  os.o(i.OS_Sleep)
    i.OS_Suspend                             0x00000ec0   Section        0  os.o(i.OS_Suspend)
    i.OS_Wait                                0x00000ed8   Section        0  os.o(i.OS_Wait)
    i.PeriodicTask2_Init                     0x00000f04   Section        0  texas.o(i.PeriodicTask2_Init)
    i.PeriodicTask2_Stop                     0x00000fc0   Section        0  texas.o(i.PeriodicTask2_Stop)
    i.Profile_Init                           0x00000fe4   Section        0  profile.o(i.Profile_Init)
    i.RealTimeResults                        0x000011b8   Section        0  texas.o(i.RealTimeResults)
    i.RealTimeResultsNoJitter                0x00001270   Section        0  texas.o(i.RealTimeResultsNoJitter)
    i.Scheduler                              0x00001324   Section        0  os.o(i.Scheduler)
    i.SetGrade                               0x00001354   Section        0  texas.o(i.SetGrade)
    SetGrade                                 0x00001355   Thumb Code   196  texas.o(i.SetGrade)
    i.SetInitialStack                        0x00001420   Section        0  os.o(i.SetInitialStack)
    i.Step2Test                              0x00001570   Section        0  texas.o(i.Step2Test)
    i.Step3Test                              0x0000190c   Section        0  texas.o(i.Step3Test)
    i.Step4Test                              0x00001c58   Section        0  texas.o(i.Step4Test)
    i.Step5Test                              0x00001ffc   Section        0  texas.o(i.Step5Test)
    i.TExaS_Init                             0x00002424   Section        0  texas.o(i.TExaS_Init)
    i.TExaS_Stop                             0x00002630   Section        0  texas.o(i.TExaS_Stop)
    i.TExaS_Task0                            0x00002638   Section        0  texas.o(i.TExaS_Task0)
    i.TExaS_Task1                            0x00002678   Section        0  texas.o(i.TExaS_Task1)
    i.TExaS_Task2                            0x000026b8   Section        0  texas.o(i.TExaS_Task2)
    i.TExaS_Task3                            0x000026f8   Section        0  texas.o(i.TExaS_Task3)
    i.TExaS_Task4                            0x00002738   Section        0  texas.o(i.TExaS_Task4)
    i.TExaS_Task5                            0x00002778   Section        0  texas.o(i.TExaS_Task5)
    i.TIMER5A_Handler                        0x000027b8   Section        0  texas.o(i.TIMER5A_Handler)
    i.TaskM                                  0x000027d0   Section        0  lab3.o(i.TaskM)
    i.TaskN                                  0x00002828   Section        0  lab3.o(i.TaskN)
    i.TaskO                                  0x00002888   Section        0  lab3.o(i.TaskO)
    i.TaskP                                  0x000028bc   Section        0  lab3.o(i.TaskP)
    i.TaskQ                                  0x000028f0   Section        0  lab3.o(i.TaskQ)
    i.TaskR                                  0x00002924   Section        0  lab3.o(i.TaskR)
    i.UART_Init                              0x00002954   Section        0  texas.o(i.UART_Init)
    i.UART_OutChar                           0x000029f8   Section        0  texas.o(i.UART_OutChar)
    i.UART_OutString                         0x00002a10   Section        0  texas.o(i.UART_OutString)
    i.UART_OutUDec                           0x00002a28   Section        0  texas.o(i.UART_OutUDec)
    i.UART_OutUDec7                          0x00002a54   Section        0  texas.o(i.UART_OutUDec7)
    i.UART_OutUFix1                          0x00002a98   Section        0  texas.o(i.UART_OutUFix1)
    i.WideTimer3A_Handler                    0x00002ac8   Section        0  bsp.o(i.WideTimer3A_Handler)
    i.WideTimer4A_Handler                    0x00002ae0   Section        0  bsp.o(i.WideTimer4A_Handler)
    i.WideTimer5A_Handler                    0x00002af8   Section        0  bsp.o(i.WideTimer5A_Handler)
    i.fillmessage7b                          0x00002b10   Section        0  texas.o(i.fillmessage7b)
    fillmessage7b                            0x00002b11   Thumb Code   174  texas.o(i.fillmessage7b)
    i.fillmessageb                           0x00002bd4   Section        0  texas.o(i.fillmessageb)
    fillmessageb                             0x00002bd5   Thumb Code    64  texas.o(i.fillmessageb)
    i.main                                   0x00002c1c   Section        0  lab3.o(i.main)
    i.runperiodicevents                      0x00002c78   Section        0  os.o(i.runperiodicevents)
    runperiodicevents                        0x00002c79   Thumb Code    40  os.o(i.runperiodicevents)
    .constdata                               0x00002ca4   Section       72  texas.o(.constdata)
    .data                                    0x20000000   Section       68  bsp.o(.data)
    ClockFrequency                           0x20000000   Data           4  bsp.o(.data)
    PWMCycles                                0x20000004   Data           2  bsp.o(.data)
    ColStart                                 0x20000012   Data           1  bsp.o(.data)
    RowStart                                 0x20000013   Data           1  bsp.o(.data)
    _width                                   0x20000014   Data           2  bsp.o(.data)
    _height                                  0x20000016   Data           2  bsp.o(.data)
    .data                                    0x20000044   Section      234  lab3.o(.data)
    soundSum                                 0x20000124   Data           4  lab3.o(.data)
    time                                     0x20000128   Data           4  lab3.o(.data)
    prev1                                    0x2000012c   Data           1  lab3.o(.data)
    prev2                                    0x2000012d   Data           1  lab3.o(.data)
    .data                                    0x20000130   Section       20  os.o(.data)
    .data                                    0x20000144   Section       72  texas.o(.data)
    count                                    0x20000178   Data           4  texas.o(.data)
    count                                    0x2000017c   Data           4  texas.o(.data)
    count                                    0x20000180   Data           4  texas.o(.data)
    count                                    0x20000184   Data           4  texas.o(.data)
    count                                    0x20000188   Data           4  texas.o(.data)
    .bss                                     0x2000018c   Section     2536  os.o(.bss)
    .bss                                     0x20000b74   Section     1740  texas.o(.bss)
    .bss                                     0x20001240   Section       96  libspace.o(.bss)
    HEAP                                     0x200012a0   Section        0  startup_tm4c123.o(HEAP)
    STACK                                    0x200012a0   Section      512  startup_tm4c123.o(STACK)
    Heap_Mem                                 0x200012a0   Data           0  startup_tm4c123.o(HEAP)
    Stack_Mem                                0x200012a0   Data         512  startup_tm4c123.o(STACK)
    __initial_sp                             0x200014a0   Data           0  startup_tm4c123.o(STACK)

    Global Symbols

    Symbol Name                              Value     Ov Type        Size  Object(Section)

    BuildAttributes$$THM_ISAv4$E$P$D$K$B$S$7EM$PE$A:L22UL41UL21$X:L11$S22US41US21$IEEE1$IW$USESV6$~STKCKD$USESV7$~SHL$OSPACE$ROPI$EBA8$UX$STANDARDLIB$REQ8$PRES8$EABIv2 0x00000000   Number         0  anon$$obj.o ABSOLUTE
    __ARM_use_no_argv                        0x00000000   Number         0  lab3.o ABSOLUTE
    __Vectors                                0x00000000   Data           4  startup_tm4c123.o(RESET)
    __ARM_exceptions_init                     - Undefined Weak Reference
    __alloca_initialize                       - Undefined Weak Reference
    __arm_preinit_                            - Undefined Weak Reference
    __cpp_initialize__aeabi_                  - Undefined Weak Reference
    __cxa_finalize                            - Undefined Weak Reference
    __rt_locale                               - Undefined Weak Reference
    __sigvec_lookup                           - Undefined Weak Reference
    _atexit_init                              - Undefined Weak Reference
    _call_atexit_fns                          - Undefined Weak Reference
    _clock_init                               - Undefined Weak Reference
    _fp_trap_init                             - Undefined Weak Reference
    _fp_trap_shutdown                         - Undefined Weak Reference
    _get_lc_collate                           - Undefined Weak Reference
    _get_lc_ctype                             - Undefined Weak Reference
    _get_lc_monetary                          - Undefined Weak Reference
    _get_lc_numeric                           - Undefined Weak Reference
    _get_lc_time                              - Undefined Weak Reference
    _getenv_init                              - Undefined Weak Reference
    _handle_redirection                       - Undefined Weak Reference
    _init_alloc                               - Undefined Weak Reference
    _init_user_alloc                          - Undefined Weak Reference
    _initio                                   - Undefined Weak Reference
    _rand_init                                - Undefined Weak Reference
    _signal_finish                            - Undefined Weak Reference
    _signal_init                              - Undefined Weak Reference
    _terminate_alloc                          - Undefined Weak Reference
    _terminate_user_alloc                     - Undefined Weak Reference
    _terminateio                              - Undefined Weak Reference
    __Vectors_End                            0x0000026c   Data           0  startup_tm4c123.o(RESET)
    __Vectors_Size                           0x0000026c   Number         0  startup_tm4c123.o ABSOLUTE
    __main                                   0x0000026d   Thumb Code     8  __main.o(!!!main)
    __scatterload                            0x00000275   Thumb Code     0  __scatter.o(!!!scatter)
    __scatterload_rt2                        0x00000275   Thumb Code    44  __scatter.o(!!!scatter)
    __scatterload_rt2_thumb_only             0x00000275   Thumb Code     0  __scatter.o(!!!scatter)
    __scatterload_null                       0x00000283   Thumb Code     0  __scatter.o(!!!scatter)
    __decompress                             0x000002a9   Thumb Code    58  __dczerorl.o(!!dczerorl)
    __decompress0                            0x000002a9   Thumb Code     0  __dczerorl.o(!!dczerorl)
    __scatterload_zeroinit                   0x000002e5   Thumb Code    28  __scatter_zi.o(!!handler_zi)
    __rt_lib_init                            0x00000301   Thumb Code     0  libinit.o(.ARM.Collect$$libinit$$00000000)
    __rt_lib_init_alloca_1                   0x00000303   Thumb Code     0  libinit2.o(.ARM.Collect$$libinit$$0000002E)
    __rt_lib_init_argv_1                     0x00000303   Thumb Code     0  libinit2.o(.ARM.Collect$$libinit$$0000002C)
    __rt_lib_init_atexit_1                   0x00000303   Thumb Code     0  libinit2.o(.ARM.Collect$$libinit$$0000001B)
    __rt_lib_init_clock_1                    0x00000303   Thumb Code     0  libinit2.o(.ARM.Collect$$libinit$$00000021)
    __rt_lib_init_cpp_1                      0x00000303   Thumb Code     0  libinit2.o(.ARM.Collect$$libinit$$00000032)
    __rt_lib_init_exceptions_1               0x00000303   Thumb Code     0  libinit2.o(.ARM.Collect$$libinit$$00000030)
    __rt_lib_init_fp_1                       0x00000303   Thumb Code     0  libinit2.o(.ARM.Collect$$libinit$$00000002)
    __rt_lib_init_fp_trap_1                  0x00000303   Thumb Code     0  libinit2.o(.ARM.Collect$$libinit$$0000001F)
    __rt_lib_init_getenv_1                   0x00000303   Thumb Code     0  libinit2.o(.ARM.Collect$$libinit$$00000023)
    __rt_lib_init_heap_1                     0x00000303   Thumb Code     0  libinit2.o(.ARM.Collect$$libinit$$0000000A)
    __rt_lib_init_lc_collate_1               0x00000303   Thumb Code     0  libinit2.o(.ARM.Collect$$libinit$$00000011)
    __rt_lib_init_lc_ctype_1                 0x00000303   Thumb Code     0  libinit2.o(.ARM.Collect$$libinit$$00000013)
    __rt_lib_init_lc_monetary_1              0x00000303   Thumb Code     0  libinit2.o(.ARM.Collect$$libinit$$00000015)
    __rt_lib_init_lc_numeric_1               0x00000303   Thumb Code     0  libinit2.o(.ARM.Collect$$libinit$$00000017)
    __rt_lib_init_lc_time_1                  0x00000303   Thumb Code     0  libinit2.o(.ARM.Collect$$libinit$$00000019)
    __rt_lib_init_preinit_1                  0x00000303   Thumb Code     0  libinit2.o(.ARM.Collect$$libinit$$00000004)
    __rt_lib_init_rand_1                     0x00000303   Thumb Code     0  libinit2.o(.ARM.Collect$$libinit$$0000000E)
    __rt_lib_init_return                     0x00000303   Thumb Code     0  libinit2.o(.ARM.Collect$$libinit$$00000033)
    __rt_lib_init_signal_1                   0x00000303   Thumb Code     0  libinit2.o(.ARM.Collect$$libinit$$0000001D)
    __rt_lib_init_stdio_1                    0x00000303   Thumb Code     0  libinit2.o(.ARM.Collect$$libinit$$00000025)
    __rt_lib_init_user_alloc_1               0x00000303   Thumb Code     0  libinit2.o(.ARM.Collect$$libinit$$0000000C)
    __rt_lib_shutdown                        0x00000305   Thumb Code     0  libshutdown.o(.ARM.Collect$$libshutdown$$00000000)
    __rt_lib_shutdown_cpp_1                  0x00000307   Thumb Code     0  libshutdown2.o(.ARM.Collect$$libshutdown$$00000002)
    __rt_lib_shutdown_fp_trap_1              0x00000307   Thumb Code     0  libshutdown2.o(.ARM.Collect$$libshutdown$$00000007)
    __rt_lib_shutdown_heap_1                 0x00000307   Thumb Code     0  libshutdown2.o(.ARM.Collect$$libshutdown$$0000000F)
    __rt_lib_shutdown_return                 0x00000307   Thumb Code     0  libshutdown2.o(.ARM.Collect$$libshutdown$$00000010)
    __rt_lib_shutdown_signal_1               0x00000307   Thumb Code     0  libshutdown2.o(.ARM.Collect$$libshutdown$$0000000A)
    __rt_lib_shutdown_stdio_1                0x00000307   Thumb Code     0  libshutdown2.o(.ARM.Collect$$libshutdown$$00000004)
    __rt_lib_shutdown_user_alloc_1           0x00000307   Thumb Code     0  libshutdown2.o(.ARM.Collect$$libshutdown$$0000000C)
    __rt_entry                               0x00000309   Thumb Code     0  __rtentry.o(.ARM.Collect$$rtentry$$00000000)
    __rt_entry_presh_1                       0x00000309   Thumb Code     0  __rtentry2.o(.ARM.Collect$$rtentry$$00000002)
    __rt_entry_sh                            0x00000309   Thumb Code     0  __rtentry4.o(.ARM.Collect$$rtentry$$00000004)
    __rt_entry_li                            0x0000030f   Thumb Code     0  __rtentry2.o(.ARM.Collect$$rtentry$$0000000A)
    __rt_entry_postsh_1                      0x0000030f   Thumb Code     0  __rtentry2.o(.ARM.Collect$$rtentry$$00000009)
    __rt_entry_main                          0x00000313   Thumb Code     0  __rtentry2.o(.ARM.Collect$$rtentry$$0000000D)
    __rt_entry_postli_1                      0x00000313   Thumb Code     0  __rtentry2.o(.ARM.Collect$$rtentry$$0000000C)
    __rt_exit                                0x0000031b   Thumb Code     0  rtexit.o(.ARM.Collect$$rtexit$$00000000)
    __rt_exit_ls                             0x0000031d   Thumb Code     0  rtexit2.o(.ARM.Collect$$rtexit$$00000003)
    __rt_exit_prels_1                        0x0000031d   Thumb Code     0  rtexit2.o(.ARM.Collect$$rtexit$$00000002)
    __rt_exit_exit                           0x00000321   Thumb Code     0  rtexit2.o(.ARM.Collect$$rtexit$$00000004)
    SysTick_Handler                          0x00000329   Thumb Code     0  osasm.o(.text)
    StartOS                                  0x0000034f   Thumb Code     0  osasm.o(.text)
    Reset_Handler                            0x00000371   Thumb Code     4  startup_tm4c123.o(.text)
    NMI_Handler                              0x00000375   Thumb Code     2  startup_tm4c123.o(.text)
    HardFault_Handler                        0x00000377   Thumb Code     2  startup_tm4c123.o(.text)
    MemManage_Handler                        0x00000379   Thumb Code     2  startup_tm4c123.o(.text)
    BusFault_Handler                         0x0000037b   Thumb Code     2  startup_tm4c123.o(.text)
    UsageFault_Handler                       0x0000037d   Thumb Code     2  startup_tm4c123.o(.text)
    SVC_Handler                              0x0000037f   Thumb Code     2  startup_tm4c123.o(.text)
    DebugMon_Handler                         0x00000381   Thumb Code     2  startup_tm4c123.o(.text)
    PendSV_Handler                           0x00000383   Thumb Code     2  startup_tm4c123.o(.text)
    GPIOPortA_Handler                        0x00000387   Thumb Code     2  startup_tm4c123.o(.text)
    GPIOPortB_Handler                        0x00000389   Thumb Code     2  startup_tm4c123.o(.text)
    GPIOPortC_Handler                        0x0000038b   Thumb Code     2  startup_tm4c123.o(.text)
    GPIOPortD_Handler                        0x0000038d   Thumb Code     2  startup_tm4c123.o(.text)
    GPIOPortE_Handler                        0x0000038f   Thumb Code     2  startup_tm4c123.o(.text)
    UART0_Handler                            0x00000391   Thumb Code     2  startup_tm4c123.o(.text)
    UART1_Handler                            0x00000393   Thumb Code     2  startup_tm4c123.o(.text)
    SSI0_Handler                             0x00000395   Thumb Code     2  startup_tm4c123.o(.text)
    I2C0_Handler                             0x00000397   Thumb Code     2  startup_tm4c123.o(.text)
    PMW0_FAULT_Handler                       0x00000399   Thumb Code     2  startup_tm4c123.o(.text)
    PWM0Generator0_Handler                   0x0000039b   Thumb Code     2  startup_tm4c123.o(.text)
    PWM0Generator1_Handler                   0x0000039d   Thumb Code     2  startup_tm4c123.o(.text)
    PWM0Generator2_Handler                   0x0000039f   Thumb Code     2  startup_tm4c123.o(.text)
    Quadrature0_Handler                      0x000003a1   Thumb Code     2  startup_tm4c123.o(.text)
    ADC0Seq0_Handler                         0x000003a3   Thumb Code     2  startup_tm4c123.o(.text)
    ADC0Seq1_Handler                         0x000003a5   Thumb Code     2  startup_tm4c123.o(.text)
    ADC0Seq2_Handler                         0x000003a7   Thumb Code     2  startup_tm4c123.o(.text)
    ADC0Seq3_Handler                         0x000003a9   Thumb Code     2  startup_tm4c123.o(.text)
    WDT_Handler                              0x000003ab   Thumb Code     2  startup_tm4c123.o(.text)
    TIMER0A_Handler                          0x000003ad   Thumb Code     2  startup_tm4c123.o(.text)
    TIMER0B_Handler                          0x000003af   Thumb Code     2  startup_tm4c123.o(.text)
    TIMER1A_Handler                          0x000003b1   Thumb Code     2  startup_tm4c123.o(.text)
    TIMER1B_Handler                          0x000003b3   Thumb Code     2  startup_tm4c123.o(.text)
    TIMER2A_Handler                          0x000003b5   Thumb Code     2  startup_tm4c123.o(.text)
    TIMER2B_Handler                          0x000003b7   Thumb Code     2  startup_tm4c123.o(.text)
    COMP0_Handler                            0x000003b9   Thumb Code     2  startup_tm4c123.o(.text)
    COMP1_Handler                            0x000003bb   Thumb Code     2  startup_tm4c123.o(.text)
    COMP2_Handler                            0x000003bd   Thumb Code     2  startup_tm4c123.o(.text)
    SYSCTL_Handler                           0x000003bf   Thumb Code     2  startup_tm4c123.o(.text)
    FlashCtl_Handler                         0x000003c1   Thumb Code     2  startup_tm4c123.o(.text)
    GPIOPortF_Handler                        0x000003c3   Thumb Code     2  startup_tm4c123.o(.text)
    GPIOPortG_Handler                        0x000003c5   Thumb Code     2  startup_tm4c123.o(.text)
    GPIOPortH_Handler                        0x000003c7   Thumb Code     2  startup_tm4c123.o(.text)
    UART2_Handler                            0x000003c9   Thumb Code     2  startup_tm4c123.o(.text)
    SSI1_Handler                             0x000003cb   Thumb Code     2  startup_tm4c123.o(.text)
    TIMER3A_Handler                          0x000003cd   Thumb Code     2  startup_tm4c123.o(.text)
    TIMER3B_Handler                          0x000003cf   Thumb Code     2  startup_tm4c123.o(.text)
    I2C1_Handler                             0x000003d1   Thumb Code     2  startup_tm4c123.o(.text)
    Quadrature1_Handler                      0x000003d3   Thumb Code     2  startup_tm4c123.o(.text)
    CAN0_Handler                             0x000003d5   Thumb Code     2  startup_tm4c123.o(.text)
    CAN1_Handler                             0x000003d7   Thumb Code     2  startup_tm4c123.o(.text)
    CAN2_Handler                             0x000003d9   Thumb Code     2  startup_tm4c123.o(.text)
    Hibernate_Handler                        0x000003db   Thumb Code     2  startup_tm4c123.o(.text)
    USB0_Handler                             0x000003dd   Thumb Code     2  startup_tm4c123.o(.text)
    PWM0Generator3_Handler                   0x000003df   Thumb Code     2  startup_tm4c123.o(.text)
    UDMA_Handler                             0x000003e1   Thumb Code     2  startup_tm4c123.o(.text)
    UDMAERR_Handler                          0x000003e3   Thumb Code     2  startup_tm4c123.o(.text)
    ADC1Seq0_Handler                         0x000003e5   Thumb Code     2  startup_tm4c123.o(.text)
    ADC1Seq1_Handler                         0x000003e7   Thumb Code     2  startup_tm4c123.o(.text)
    ADC1Seq2_Handler                         0x000003e9   Thumb Code     2  startup_tm4c123.o(.text)
    ADC1Seq3_Handler                         0x000003eb   Thumb Code     2  startup_tm4c123.o(.text)
    GPIOPortJ_Handler                        0x000003ed   Thumb Code     2  startup_tm4c123.o(.text)
    GPIOPortK_Handler                        0x000003ef   Thumb Code     2  startup_tm4c123.o(.text)
    GPIOPortL_Handler                        0x000003f1   Thumb Code     2  startup_tm4c123.o(.text)
    SSI2_Handler                             0x000003f3   Thumb Code     2  startup_tm4c123.o(.text)
    SSI3_Handler                             0x000003f5   Thumb Code     2  startup_tm4c123.o(.text)
    UART3_Handler                            0x000003f7   Thumb Code     2  startup_tm4c123.o(.text)
    UART4_Handler                            0x000003f9   Thumb Code     2  startup_tm4c123.o(.text)
    UART5_Handler                            0x000003fb   Thumb Code     2  startup_tm4c123.o(.text)
    UART6_Handler                            0x000003fd   Thumb Code     2  startup_tm4c123.o(.text)
    UART7_Handler                            0x000003ff   Thumb Code     2  startup_tm4c123.o(.text)
    I2C2_Handler                             0x00000401   Thumb Code     2  startup_tm4c123.o(.text)
    I2C3_Handler                             0x00000403   Thumb Code     2  startup_tm4c123.o(.text)
    TIMER4A_Handler                          0x00000405   Thumb Code     2  startup_tm4c123.o(.text)
    TIMER4B_Handler                          0x00000407   Thumb Code     2  startup_tm4c123.o(.text)
    TIMER5B_Handler                          0x0000040b   Thumb Code     2  startup_tm4c123.o(.text)
    WideTimer0A_Handler                      0x0000040d   Thumb Code     2  startup_tm4c123.o(.text)
    WideTimer0B_Handler                      0x0000040f   Thumb Code     2  startup_tm4c123.o(.text)
    WideTimer1A_Handler                      0x00000411   Thumb Code     2  startup_tm4c123.o(.text)
    WideTimer1B_Handler                      0x00000413   Thumb Code     2  startup_tm4c123.o(.text)
    WideTimer2A_Handler                      0x00000415   Thumb Code     2  startup_tm4c123.o(.text)
    WideTimer2B_Handler                      0x00000417   Thumb Code     2  startup_tm4c123.o(.text)
    WideTimer3B_Handler                      0x0000041b   Thumb Code     2  startup_tm4c123.o(.text)
    WideTimer4B_Handler                      0x0000041f   Thumb Code     2  startup_tm4c123.o(.text)
    WideTimer5B_Handler                      0x00000423   Thumb Code     2  startup_tm4c123.o(.text)
    FPU_Handler                              0x00000425   Thumb Code     2  startup_tm4c123.o(.text)
    I2C4_Handler                             0x00000427   Thumb Code     2  startup_tm4c123.o(.text)
    I2C5_Handler                             0x00000429   Thumb Code     2  startup_tm4c123.o(.text)
    GPIOPortM_Handler                        0x0000042b   Thumb Code     2  startup_tm4c123.o(.text)
    GPIOPortN_Handler                        0x0000042d   Thumb Code     2  startup_tm4c123.o(.text)
    QEI2_Handler                             0x0000042f   Thumb Code     2  startup_tm4c123.o(.text)
    GPIOPortP0_Handler                       0x00000431   Thumb Code     2  startup_tm4c123.o(.text)
    GPIOPortP1_Handler                       0x00000433   Thumb Code     2  startup_tm4c123.o(.text)
    GPIOPortP2_Handler                       0x00000435   Thumb Code     2  startup_tm4c123.o(.text)
    GPIOPortP3_Handler                       0x00000437   Thumb Code     2  startup_tm4c123.o(.text)
    GPIOPortP4_Handler                       0x00000439   Thumb Code     2  startup_tm4c123.o(.text)
    GPIOPortP5_Handler                       0x0000043b   Thumb Code     2  startup_tm4c123.o(.text)
    GPIOPortP6_Handler                       0x0000043d   Thumb Code     2  startup_tm4c123.o(.text)
    GPIOPortP7_Handler                       0x0000043f   Thumb Code     2  startup_tm4c123.o(.text)
    GPIOPortQ0_Handler                       0x00000441   Thumb Code     2  startup_tm4c123.o(.text)
    GPIOPortQ1_Handler                       0x00000443   Thumb Code     2  startup_tm4c123.o(.text)
    GPIOPortQ2_Handler                       0x00000445   Thumb Code     2  startup_tm4c123.o(.text)
    GPIOPortQ3_Handler                       0x00000447   Thumb Code     2  startup_tm4c123.o(.text)
    GPIOPortQ4_Handler                       0x00000449   Thumb Code     2  startup_tm4c123.o(.text)
    GPIOPortQ5_Handler                       0x0000044b   Thumb Code     2  startup_tm4c123.o(.text)
    GPIOPortQ6_Handler                       0x0000044d   Thumb Code     2  startup_tm4c123.o(.text)
    GPIOPortQ7_Handler                       0x0000044f   Thumb Code     2  startup_tm4c123.o(.text)
    GPIOPortR_Handler                        0x00000451   Thumb Code     2  startup_tm4c123.o(.text)
    GPIOPortS_Handler                        0x00000453   Thumb Code     2  startup_tm4c123.o(.text)
    PWM1Generator0_Handler                   0x00000455   Thumb Code     2  startup_tm4c123.o(.text)
    PWM1Generator1_Handler                   0x00000457   Thumb Code     2  startup_tm4c123.o(.text)
    PWM1Generator2_Handler                   0x00000459   Thumb Code     2  startup_tm4c123.o(.text)
    PWM1Generator3_Handler                   0x0000045b   Thumb Code     2  startup_tm4c123.o(.text)
    PWM1Fault_Handler                        0x0000045d   Thumb Code     2  startup_tm4c123.o(.text)
    DisableInterrupts                        0x00000465   Thumb Code     0  startup_tm4c123.o(.text)
    EnableInterrupts                         0x00000469   Thumb Code     0  startup_tm4c123.o(.text)
    StartCritical                            0x0000046d   Thumb Code     0  startup_tm4c123.o(.text)
    EndCritical                              0x00000475   Thumb Code     0  startup_tm4c123.o(.text)
    WaitForInterrupt                         0x0000047b   Thumb Code     0  startup_tm4c123.o(.text)
    __user_initial_stackheap                 0x0000047f   Thumb Code     0  startup_tm4c123.o(.text)
    __use_two_region_memory                  0x00000495   Thumb Code     2  heapauxi.o(.text)
    __rt_heap_escrow$2region                 0x00000497   Thumb Code     2  heapauxi.o(.text)
    __rt_heap_expand$2region                 0x00000499   Thumb Code     2  heapauxi.o(.text)
    __user_setup_stackheap                   0x0000049b   Thumb Code    74  sys_stackheap_outer.o(.text)
    exit                                     0x000004e5   Thumb Code    18  exit.o(.text)
    __user_libspace                          0x000004f9   Thumb Code     8  libspace.o(.text)
    __user_perproc_libspace                  0x000004f9   Thumb Code     0  libspace.o(.text)
    __user_perthread_libspace                0x000004f9   Thumb Code     0  libspace.o(.text)
    _sys_exit                                0x00000501   Thumb Code     8  sys_exit.o(.text)
    __I$use$semihosting                      0x0000050d   Thumb Code     0  use_no_semi.o(.text)
    __use_no_semihosting_swi                 0x0000050d   Thumb Code     2  use_no_semi.o(.text)
    __semihosting_library_function           0x0000050f   Thumb Code     0  indicate_semi.o(.text)
    BSP_Clock_GetFreq                        0x00000511   Thumb Code     6  bsp.o(i.BSP_Clock_GetFreq)
    BSP_Clock_InitFastest                    0x0000051d   Thumb Code   126  bsp.o(i.BSP_Clock_InitFastest)
    BSP_PeriodicTask_Init                    0x000005a9   Thumb Code   162  bsp.o(i.BSP_PeriodicTask_Init)
    BSP_Time_Get                             0x00000669   Thumb Code    10  bsp.o(i.BSP_Time_Get)
    BSP_Time_Init                            0x00000679   Thumb Code    94  bsp.o(i.BSP_Time_Init)
    Grader                                   0x0000074d   Thumb Code  1170  texas.o(i.Grader)
    LogicAnalyzer                            0x00000bfd   Thumb Code    12  texas.o(i.LogicAnalyzer)
    NonrealTimeResults                       0x00000c11   Thumb Code    78  texas.o(i.NonrealTimeResults)
    OS_AddPeriodicEventThread                0x00000cb1   Thumb Code    20  os.o(i.OS_AddPeriodicEventThread)
    OS_AddThreads                            0x00000cc5   Thumb Code   164  os.o(i.OS_AddThreads)
    OS_FIFO_Get                              0x00000d75   Thumb Code    42  os.o(i.OS_FIFO_Get)
    OS_FIFO_Init                             0x00000dad   Thumb Code    22  os.o(i.OS_FIFO_Init)
    OS_FIFO_Put                              0x00000dd1   Thumb Code    68  os.o(i.OS_FIFO_Put)
    OS_Init                                  0x00000e25   Thumb Code    22  os.o(i.OS_Init)
    OS_InitSemaphore                         0x00000e41   Thumb Code     4  os.o(i.OS_InitSemaphore)
    OS_Launch                                0x00000e45   Thumb Code    48  os.o(i.OS_Launch)
    OS_Signal                                0x00000e79   Thumb Code    46  os.o(i.OS_Signal)
    OS_Sleep                                 0x00000ead   Thumb Code    16  os.o(i.OS_Sleep)
    OS_Suspend                               0x00000ec1   Thumb Code    18  os.o(i.OS_Suspend)
    OS_Wait                                  0x00000ed9   Thumb Code    40  os.o(i.OS_Wait)
    PeriodicTask2_Init                       0x00000f05   Thumb Code   164  texas.o(i.PeriodicTask2_Init)
    PeriodicTask2_Stop                       0x00000fc1   Thumb Code    24  texas.o(i.PeriodicTask2_Stop)
    Profile_Init                             0x00000fe5   Thumb Code   418  profile.o(i.Profile_Init)
    RealTimeResults                          0x000011b9   Thumb Code   108  texas.o(i.RealTimeResults)
    RealTimeResultsNoJitter                  0x00001271   Thumb Code    96  texas.o(i.RealTimeResultsNoJitter)
    Scheduler                                0x00001325   Thumb Code    44  os.o(i.Scheduler)
    SetInitialStack                          0x00001421   Thumb Code   326  os.o(i.SetInitialStack)
    Step2Test                                0x00001571   Thumb Code   850  texas.o(i.Step2Test)
    Step3Test                                0x0000190d   Thumb Code   770  texas.o(i.Step3Test)
    Step4Test                                0x00001c59   Thumb Code   864  texas.o(i.Step4Test)
    Step5Test                                0x00001ffd   Thumb Code   984  texas.o(i.Step5Test)
    TExaS_Init                               0x00002425   Thumb Code   188  texas.o(i.TExaS_Init)
    TExaS_Stop                               0x00002631   Thumb Code     8  texas.o(i.TExaS_Stop)
    TExaS_Task0                              0x00002639   Thumb Code    50  texas.o(i.TExaS_Task0)
    TExaS_Task1                              0x00002679   Thumb Code    50  texas.o(i.TExaS_Task1)
    TExaS_Task2                              0x000026b9   Thumb Code    50  texas.o(i.TExaS_Task2)
    TExaS_Task3                              0x000026f9   Thumb Code    50  texas.o(i.TExaS_Task3)
    TExaS_Task4                              0x00002739   Thumb Code    50  texas.o(i.TExaS_Task4)
    TExaS_Task5                              0x00002779   Thumb Code    50  texas.o(i.TExaS_Task5)
    TIMER5A_Handler                          0x000027b9   Thumb Code    16  texas.o(i.TIMER5A_Handler)
    TaskM                                    0x000027d1   Thumb Code    78  lab3.o(i.TaskM)
    TaskN                                    0x00002829   Thumb Code    80  lab3.o(i.TaskN)
    TaskO                                    0x00002889   Thumb Code    42  lab3.o(i.TaskO)
    TaskP                                    0x000028bd   Thumb Code    42  lab3.o(i.TaskP)
    TaskQ                                    0x000028f1   Thumb Code    42  lab3.o(i.TaskQ)
    TaskR                                    0x00002925   Thumb Code    40  lab3.o(i.TaskR)
    UART_Init                                0x00002955   Thumb Code   148  texas.o(i.UART_Init)
    UART_OutChar                             0x000029f9   Thumb Code    20  texas.o(i.UART_OutChar)
    UART_OutString                           0x00002a11   Thumb Code    24  texas.o(i.UART_OutString)
    UART_OutUDec                             0x00002a29   Thumb Code    42  texas.o(i.UART_OutUDec)
    UART_OutUDec7                            0x00002a55   Thumb Code    48  texas.o(i.UART_OutUDec7)
    UART_OutUFix1                            0x00002a99   Thumb Code    46  texas.o(i.UART_OutUFix1)
    WideTimer3A_Handler                      0x00002ac9   Thumb Code    16  bsp.o(i.WideTimer3A_Handler)
    WideTimer4A_Handler                      0x00002ae1   Thumb Code    16  bsp.o(i.WideTimer4A_Handler)
    WideTimer5A_Handler                      0x00002af9   Thumb Code    16  bsp.o(i.WideTimer5A_Handler)
    main                                     0x00002c1d   Thumb Code    66  lab3.o(i.main)
    Key                                      0x00002ca4   Data           8  texas.o(.constdata)
    Scramble                                 0x00002cac   Data          32  texas.o(.constdata)
    DeScramble                               0x00002ccc   Data          32  texas.o(.constdata)
    Region$$Table$$Base                      0x00002cec   Number         0  anon$$obj.o(Region$$Table)
    Region$$Table$$Limit                     0x00002d0c   Number         0  anon$$obj.o(Region$$Table)
    StX                                      0x20000008   Data           4  bsp.o(.data)
    StY                                      0x2000000c   Data           4  bsp.o(.data)
    StTextColor                              0x20000010   Data           2  bsp.o(.data)
    Messageindex                             0x20000018   Data           4  bsp.o(.data)
    TimeIndex                                0x2000001c   Data           4  bsp.o(.data)
    Ymax                                     0x20000020   Data           4  bsp.o(.data)
    Ymin                                     0x20000024   Data           4  bsp.o(.data)
    Yrange                                   0x20000028   Data           4  bsp.o(.data)
    PlotBGColor                              0x2000002c   Data           2  bsp.o(.data)
    PeriodicTask                             0x20000030   Data           4  bsp.o(.data)
    PeriodicTaskB                            0x20000034   Data           4  bsp.o(.data)
    PeriodicTaskC                            0x20000038   Data           4  bsp.o(.data)
    LightBusy                                0x2000003c   Data           4  bsp.o(.data)
    TempBusy                                 0x20000040   Data           4  bsp.o(.data)
    Time                                     0x20000044   Data           4  lab3.o(.data)
    Steps                                    0x20000048   Data           4  lab3.o(.data)
    Magnitude                                0x2000004c   Data           4  lab3.o(.data)
    EWMA                                     0x20000050   Data           4  lab3.o(.data)
    SoundData                                0x20000054   Data           2  lab3.o(.data)
    SoundAvg                                 0x20000058   Data           4  lab3.o(.data)
    SoundRMS                                 0x2000005c   Data           4  lab3.o(.data)
    LightData                                0x20000060   Data           4  lab3.o(.data)
    TemperatureData                          0x20000064   Data           4  lab3.o(.data)
    NewData                                  0x20000068   Data           4  lab3.o(.data)
    LCDmutex                                 0x2000006c   Data           4  lab3.o(.data)
    I2Cmutex                                 0x20000070   Data           4  lab3.o(.data)
    ReDrawAxes                               0x20000074   Data           4  lab3.o(.data)
    PlotState                                0x20000078   Data           1  lab3.o(.data)
    LostTask1Data                            0x2000007c   Data           4  lab3.o(.data)
    AccX                                     0x20000080   Data           2  lab3.o(.data)
    AccY                                     0x20000082   Data           2  lab3.o(.data)
    AccZ                                     0x20000084   Data           2  lab3.o(.data)
    AlgorithmState                           0x20000086   Data           1  lab3.o(.data)
    Count7                                   0x20000088   Data           4  lab3.o(.data)
    s1                                       0x2000008c   Data           4  lab3.o(.data)
    s2                                       0x20000090   Data           4  lab3.o(.data)
    sAB                                      0x20000094   Data           4  lab3.o(.data)
    sCD                                      0x20000098   Data           4  lab3.o(.data)
    sEF                                      0x2000009c   Data           4  lab3.o(.data)
    CountA                                   0x200000a0   Data           4  lab3.o(.data)
    CountB                                   0x200000a4   Data           4  lab3.o(.data)
    CountC                                   0x200000a8   Data           4  lab3.o(.data)
    CountD                                   0x200000ac   Data           4  lab3.o(.data)
    CountE                                   0x200000b0   Data           4  lab3.o(.data)
    CountF                                   0x200000b4   Data           4  lab3.o(.data)
    TaskGdata                                0x200000b8   Data           4  lab3.o(.data)
    TaskHexpected                            0x200000bc   Data           4  lab3.o(.data)
    TaskHactual                              0x200000c0   Data           4  lab3.o(.data)
    TaskHLostData                            0x200000c4   Data           4  lab3.o(.data)
    CountI                                   0x200000c8   Data           4  lab3.o(.data)
    CountJ                                   0x200000cc   Data           4  lab3.o(.data)
    CountK                                   0x200000d0   Data           4  lab3.o(.data)
    CountL                                   0x200000d4   Data           4  lab3.o(.data)
    TaskMdata                                0x200000d8   Data           4  lab3.o(.data)
    TaskNexpected                            0x200000dc   Data           4  lab3.o(.data)
    TaskNactual                              0x200000e0   Data           4  lab3.o(.data)
    TaskNLostData                            0x200000e4   Data           4  lab3.o(.data)
    CountO                                   0x200000e8   Data           4  lab3.o(.data)
    CountP                                   0x200000ec   Data           4  lab3.o(.data)
    CountQ                                   0x200000f0   Data           4  lab3.o(.data)
    CountR                                   0x200000f4   Data           4  lab3.o(.data)
    TaskSdata                                0x200000f8   Data           4  lab3.o(.data)
    TaskTexpected                            0x200000fc   Data           4  lab3.o(.data)
    TaskTactual                              0x20000100   Data           4  lab3.o(.data)
    TaskTLostData                            0x20000104   Data           4  lab3.o(.data)
    CountU                                   0x20000108   Data           4  lab3.o(.data)
    sUV                                      0x2000010c   Data           4  lab3.o(.data)
    CountV                                   0x20000110   Data           4  lab3.o(.data)
    CountW                                   0x20000114   Data           4  lab3.o(.data)
    CountX                                   0x20000118   Data           4  lab3.o(.data)
    CountY                                   0x2000011c   Data           4  lab3.o(.data)
    CountZ                                   0x20000120   Data           4  lab3.o(.data)
    RunPt                                    0x20000130   Data           4  os.o(.data)
    PutI                                     0x20000134   Data           4  os.o(.data)
    GetI                                     0x20000138   Data           4  os.o(.data)
    CurrentSize                              0x2000013c   Data           4  os.o(.data)
    LostData                                 0x20000140   Data           4  os.o(.data)
    LogicData                                0x20000144   Data           1  texas.o(.data)
    Id                                       0x20000148   Data           4  texas.o(.data)
    Index0                                   0x2000014c   Data           4  texas.o(.data)
    Index1                                   0x20000150   Data           4  texas.o(.data)
    Index2                                   0x20000154   Data           4  texas.o(.data)
    Index3                                   0x20000158   Data           4  texas.o(.data)
    Index4                                   0x2000015c   Data           4  texas.o(.data)
    Index5                                   0x20000160   Data           4  texas.o(.data)
    Index6                                   0x20000164   Data           4  texas.o(.data)
    PeriodicTask2                            0x20000168   Data           4  texas.o(.data)
    Messageindexb                            0x2000016c   Data           4  texas.o(.data)
    Messageb                                 0x20000170   Data           8  texas.o(.data)
    tcbs                                     0x2000018c   Data          96  os.o(.bss)
    Stacks                                   0x200001ec   Data        2400  os.o(.bss)
    Fifo                                     0x20000b4c   Data          40  os.o(.bss)
    MagicCode                                0x20000b74   Data          10  texas.o(.bss)
    EncriptedMagicCode                       0x20000b7e   Data          10  texas.o(.bss)
    TimeBuffer0                              0x20000b88   Data         400  texas.o(.bss)
    TimeBuffer1                              0x20000d18   Data         400  texas.o(.bss)
    TimeBuffer2                              0x20000ea8   Data         400  texas.o(.bss)
    TimeBuffer3                              0x20001038   Data         400  texas.o(.bss)
    TimeBuffer4                              0x200011c8   Data          40  texas.o(.bss)
    TimeBuffer5                              0x200011f0   Data          40  texas.o(.bss)
    TimeBuffer6                              0x20001218   Data          40  texas.o(.bss)
    __libspace_start                         0x20001240   Data          96  libspace.o(.bss)
    __temporary_stack_top$libspace           0x200012a0   Data           0  libspace.o(.bss)



==============================================================================

Memory Map of the image

  Image Entry point : 0x00000371

  Load Region LR_1 (Base: 0x00000000, Size: 0x00002e98, Max: 0xffffffff, ABSOLUTE, COMPRESSED[0x00002d1c])

    Execution Region ER_RO (Base: 0x00000000, Size: 0x00002d0c, Max: 0xffffffff, ABSOLUTE)

    Base Addr    Size         Type   Attr      Idx    E Section Name        Object

    0x00000000   0x0000026c   Data   RO         1189    RESET               startup_tm4c123.o
    0x0000026c   0x00000008   Code   RO         1261  * !!!main             c_w.l(__main.o)
    0x00000274   0x00000034   Code   RO         1420    !!!scatter          c_w.l(__scatter.o)
    0x000002a8   0x0000003a   Code   RO         1418    !!dczerorl          c_w.l(__dczerorl.o)
    0x000002e2   0x00000002   PAD
    0x000002e4   0x0000001c   Code   RO         1422    !!handler_zi        c_w.l(__scatter_zi.o)
    0x00000300   0x00000002   Code   RO         1288    .ARM.Collect$$libinit$$00000000  c_w.l(libinit.o)
    0x00000302   0x00000000   Code   RO         1295    .ARM.Collect$$libinit$$00000002  c_w.l(libinit2.o)
    0x00000302   0x00000000   Code   RO         1297    .ARM.Collect$$libinit$$00000004  c_w.l(libinit2.o)
    0x00000302   0x00000000   Code   RO         1300    .ARM.Collect$$libinit$$0000000A  c_w.l(libinit2.o)
    0x00000302   0x00000000   Code   RO         1302    .ARM.Collect$$libinit$$0000000C  c_w.l(libinit2.o)
    0x00000302   0x00000000   Code   RO         1304    .ARM.Collect$$libinit$$0000000E  c_w.l(libinit2.o)
    0x00000302   0x00000000   Code   RO         1307    .ARM.Collect$$libinit$$00000011  c_w.l(libinit2.o)
    0x00000302   0x00000000   Code   RO         1309    .ARM.Collect$$libinit$$00000013  c_w.l(libinit2.o)
    0x00000302   0x00000000   Code   RO         1311    .ARM.Collect$$libinit$$00000015  c_w.l(libinit2.o)
    0x00000302   0x00000000   Code   RO         1313    .ARM.Collect$$libinit$$00000017  c_w.l(libinit2.o)
    0x00000302   0x00000000   Code   RO         1315    .ARM.Collect$$libinit$$00000019  c_w.l(libinit2.o)
    0x00000302   0x00000000   Code   RO         1317    .ARM.Collect$$libinit$$0000001B  c_w.l(libinit2.o)
    0x00000302   0x00000000   Code   RO         1319    .ARM.Collect$$libinit$$0000001D  c_w.l(libinit2.o)
    0x00000302   0x00000000   Code   RO         1321    .ARM.Collect$$libinit$$0000001F  c_w.l(libinit2.o)
    0x00000302   0x00000000   Code   RO         1323    .ARM.Collect$$libinit$$00000021  c_w.l(libinit2.o)
    0x00000302   0x00000000   Code   RO         1325    .ARM.Collect$$libinit$$00000023  c_w.l(libinit2.o)
    0x00000302   0x00000000   Code   RO         1327    .ARM.Collect$$libinit$$00000025  c_w.l(libinit2.o)
    0x00000302   0x00000000   Code   RO         1331    .ARM.Collect$$libinit$$0000002C  c_w.l(libinit2.o)
    0x00000302   0x00000000   Code   RO         1333    .ARM.Collect$$libinit$$0000002E  c_w.l(libinit2.o)
    0x00000302   0x00000000   Code   RO         1335    .ARM.Collect$$libinit$$00000030  c_w.l(libinit2.o)
    0x00000302   0x00000000   Code   RO         1337    .ARM.Collect$$libinit$$00000032  c_w.l(libinit2.o)
    0x00000302   0x00000002   Code   RO         1338    .ARM.Collect$$libinit$$00000033  c_w.l(libinit2.o)
    0x00000304   0x00000002   Code   RO         1358    .ARM.Collect$$libshutdown$$00000000  c_w.l(libshutdown.o)
    0x00000306   0x00000000   Code   RO         1371    .ARM.Collect$$libshutdown$$00000002  c_w.l(libshutdown2.o)
    0x00000306   0x00000000   Code   RO         1373    .ARM.Collect$$libshutdown$$00000004  c_w.l(libshutdown2.o)
    0x00000306   0x00000000   Code   RO         1376    .ARM.Collect$$libshutdown$$00000007  c_w.l(libshutdown2.o)
    0x00000306   0x00000000   Code   RO         1379    .ARM.Collect$$libshutdown$$0000000A  c_w.l(libshutdown2.o)
    0x00000306   0x00000000   Code   RO         1381    .ARM.Collect$$libshutdown$$0000000C  c_w.l(libshutdown2.o)
    0x00000306   0x00000000   Code   RO         1384    .ARM.Collect$$libshutdown$$0000000F  c_w.l(libshutdown2.o)
    0x00000306   0x00000002   Code   RO         1385    .ARM.Collect$$libshutdown$$00000010  c_w.l(libshutdown2.o)
    0x00000308   0x00000000   Code   RO         1263    .ARM.Collect$$rtentry$$00000000  c_w.l(__rtentry.o)
    0x00000308   0x00000000   Code   RO         1265    .ARM.Collect$$rtentry$$00000002  c_w.l(__rtentry2.o)
    0x00000308   0x00000006   Code   RO         1277    .ARM.Collect$$rtentry$$00000004  c_w.l(__rtentry4.o)
    0x0000030e   0x00000000   Code   RO         1267    .ARM.Collect$$rtentry$$00000009  c_w.l(__rtentry2.o)
    0x0000030e   0x00000004   Code   RO         1268    .ARM.Collect$$rtentry$$0000000A  c_w.l(__rtentry2.o)
    0x00000312   0x00000000   Code   RO         1270    .ARM.Collect$$rtentry$$0000000C  c_w.l(__rtentry2.o)
    0x00000312   0x00000008   Code   RO         1271    .ARM.Collect$$rtentry$$0000000D  c_w.l(__rtentry2.o)
    0x0000031a   0x00000002   Code   RO         1292    .ARM.Collect$$rtexit$$00000000  c_w.l(rtexit.o)
    0x0000031c   0x00000000   Code   RO         1340    .ARM.Collect$$rtexit$$00000002  c_w.l(rtexit2.o)
    0x0000031c   0x00000004   Code   RO         1341    .ARM.Collect$$rtexit$$00000003  c_w.l(rtexit2.o)
    0x00000320   0x00000006   Code   RO         1342    .ARM.Collect$$rtexit$$00000004  c_w.l(rtexit2.o)
    0x00000326   0x00000002   PAD
    0x00000328   0x00000048   Code   RO          780    .text               osasm.o
    0x00000370   0x00000124   Code   RO         1190  * .text               startup_tm4c123.o
    0x00000494   0x00000006   Code   RO         1259    .text               c_w.l(heapauxi.o)
    0x0000049a   0x0000004a   Code   RO         1279    .text               c_w.l(sys_stackheap_outer.o)
    0x000004e4   0x00000012   Code   RO         1281    .text               c_w.l(exit.o)
    0x000004f6   0x00000002   PAD
    0x000004f8   0x00000008   Code   RO         1289    .text               c_w.l(libspace.o)
    0x00000500   0x0000000c   Code   RO         1350    .text               c_w.l(sys_exit.o)
    0x0000050c   0x00000002   Code   RO         1361    .text               c_w.l(use_no_semi.o)
    0x0000050e   0x00000000   Code   RO         1363    .text               c_w.l(indicate_semi.o)
    0x0000050e   0x00000002   PAD
    0x00000510   0x0000000c   Code   RO           10    i.BSP_Clock_GetFreq  bsp.o
    0x0000051c   0x0000008c   Code   RO           11    i.BSP_Clock_InitFastest  bsp.o
    0x000005a8   0x000000c0   Code   RO           42    i.BSP_PeriodicTask_Init  bsp.o
    0x00000668   0x00000010   Code   RO           58    i.BSP_Time_Get      bsp.o
    0x00000678   0x0000006c   Code   RO           59    i.BSP_Time_Init     bsp.o
    0x000006e4   0x00000068   Code   RO          906    i.Encrypt           texas.o
    0x0000074c   0x000004b0   Code   RO          907    i.Grader            texas.o
    0x00000bfc   0x00000014   Code   RO          908    i.LogicAnalyzer     texas.o
    0x00000c10   0x000000a0   Code   RO          909    i.NonrealTimeResults  texas.o
    0x00000cb0   0x00000014   Code   RO          783    i.OS_AddPeriodicEventThread  os.o
    0x00000cc4   0x000000b0   Code   RO          784    i.OS_AddThreads     os.o
    0x00000d74   0x00000038   Code   RO          785    i.OS_FIFO_Get       os.o
    0x00000dac   0x00000024   Code   RO          786    i.OS_FIFO_Init      os.o
    0x00000dd0   0x00000054   Code   RO          787    i.OS_FIFO_Put       os.o
    0x00000e24   0x0000001c   Code   RO          788    i.OS_Init           os.o
    0x00000e40   0x00000004   Code   RO          789    i.OS_InitSemaphore  os.o
    0x00000e44   0x00000034   Code   RO          790    i.OS_Launch         os.o
    0x00000e78   0x00000034   Code   RO          791    i.OS_Signal         os.o
    0x00000eac   0x00000014   Code   RO          792    i.OS_Sleep          os.o
    0x00000ec0   0x00000018   Code   RO          793    i.OS_Suspend        os.o
    0x00000ed8   0x0000002c   Code   RO          794    i.OS_Wait           os.o
    0x00000f04   0x000000bc   Code   RO          910    i.PeriodicTask2_Init  texas.o
    0x00000fc0   0x00000024   Code   RO          911    i.PeriodicTask2_Stop  texas.o
    0x00000fe4   0x000001d4   Code   RO          889    i.Profile_Init      profile.o
    0x000011b8   0x000000b8   Code   RO          912    i.RealTimeResults   texas.o
    0x00001270   0x000000b4   Code   RO          913    i.RealTimeResultsNoJitter  texas.o
    0x00001324   0x00000030   Code   RO          795    i.Scheduler         os.o
    0x00001354   0x000000cc   Code   RO          914    i.SetGrade          texas.o
    0x00001420   0x00000150   Code   RO          796    i.SetInitialStack   os.o
    0x00001570   0x0000039c   Code   RO          915    i.Step2Test         texas.o
    0x0000190c   0x0000034c   Code   RO          916    i.Step3Test         texas.o
    0x00001c58   0x000003a4   Code   RO          917    i.Step4Test         texas.o
    0x00001ffc   0x00000428   Code   RO          918    i.Step5Test         texas.o
    0x00002424   0x0000020c   Code   RO          919    i.TExaS_Init        texas.o
    0x00002630   0x00000008   Code   RO          920    i.TExaS_Stop        texas.o
    0x00002638   0x00000040   Code   RO          921    i.TExaS_Task0       texas.o
    0x00002678   0x00000040   Code   RO          922    i.TExaS_Task1       texas.o
    0x000026b8   0x00000040   Code   RO          923    i.TExaS_Task2       texas.o
    0x000026f8   0x00000040   Code   RO          924    i.TExaS_Task3       texas.o
    0x00002738   0x00000040   Code   RO          925    i.TExaS_Task4       texas.o
    0x00002778   0x00000040   Code   RO          926    i.TExaS_Task5       texas.o
    0x000027b8   0x00000018   Code   RO          928    i.TIMER5A_Handler   texas.o
    0x000027d0   0x00000058   Code   RO          521    i.TaskM             lab3.o
    0x00002828   0x00000060   Code   RO          522    i.TaskN             lab3.o
    0x00002888   0x00000034   Code   RO          523    i.TaskO             lab3.o
    0x000028bc   0x00000034   Code   RO          524    i.TaskP             lab3.o
    0x000028f0   0x00000034   Code   RO          525    i.TaskQ             lab3.o
    0x00002924   0x00000030   Code   RO          526    i.TaskR             lab3.o
    0x00002954   0x000000a4   Code   RO          934    i.UART_Init         texas.o
    0x000029f8   0x00000018   Code   RO          935    i.UART_OutChar      texas.o
    0x00002a10   0x00000018   Code   RO          937    i.UART_OutString    texas.o
    0x00002a28   0x0000002a   Code   RO          938    i.UART_OutUDec      texas.o
    0x00002a52   0x00000002   PAD
    0x00002a54   0x00000044   Code   RO          942    i.UART_OutUDec7     texas.o
    0x00002a98   0x0000002e   Code   RO          943    i.UART_OutUFix1     texas.o
    0x00002ac6   0x00000002   PAD
    0x00002ac8   0x00000018   Code   RO           64    i.WideTimer3A_Handler  bsp.o
    0x00002ae0   0x00000018   Code   RO           65    i.WideTimer4A_Handler  bsp.o
    0x00002af8   0x00000018   Code   RO           66    i.WideTimer5A_Handler  bsp.o
    0x00002b10   0x000000c4   Code   RO          948    i.fillmessage7b     texas.o
    0x00002bd4   0x00000048   Code   RO          949    i.fillmessageb      texas.o
    0x00002c1c   0x0000005c   Code   RO          536    i.main              lab3.o
    0x00002c78   0x0000002c   Code   RO          797    i.runperiodicevents  os.o
    0x00002ca4   0x00000048   Data   RO          951    .constdata          texas.o
    0x00002cec   0x00000020   Data   RO         1416    Region$$Table       anon$$obj.o


    Execution Region ER_RW (Base: 0x20000000, Size: 0x0000018c, Max: 0xffffffff, ABSOLUTE, COMPRESSED[0x00000010])

    Base Addr    Size         Type   Attr      Idx    E Section Name        Object

    0x20000000   0x00000044   Data   RW           86    .data               bsp.o
    0x20000044   0x000000ea   Data   RW          543    .data               lab3.o
    0x2000012e   0x00000002   PAD
    0x20000130   0x00000014   Data   RW          799    .data               os.o
    0x20000144   0x00000048   Data   RW          952    .data               texas.o


    Execution Region ER_ZI (Base: 0x2000018c, Size: 0x00001314, Max: 0xffffffff, ABSOLUTE)

    Base Addr    Size         Type   Attr      Idx    E Section Name        Object

    0x2000018c   0x000009e8   Zero   RW          798    .bss                os.o
    0x20000b74   0x000006cc   Zero   RW          950    .bss                texas.o
    0x20001240   0x00000060   Zero   RW         1290    .bss                c_w.l(libspace.o)
    0x200012a0   0x00000000   Zero   RW         1188    HEAP                startup_tm4c123.o
    0x200012a0   0x00000200   Zero   RW         1187    STACK               startup_tm4c123.o


==============================================================================

Image component sizes


      Code (inc. data)   RO Data    RW Data    ZI Data      Debug   Object Name

       540         94          0         68          0      11423   bsp.o
       480         90          0        234          0       6938   lab3.o
      1024        104          0         20       2536       7928   os.o
        72          4          0          0          0        228   osasm.o
       468         50          0          0          0        523   profile.o
       292         18        620          0        512       5660   startup_tm4c123.o
      7616       1246         72         72       1740      25473   texas.o

    ----------------------------------------------------------------------
     10496       1606        724        396       4788      58173   Object Totals
         0          0         32          0          0          0   (incl. Generated)
         4          0          0          2          0          0   (incl. Padding)

    ----------------------------------------------------------------------

      Code (inc. data)   RO Data    RW Data    ZI Data      Debug   Library Member Name

        58          0          0          0          0          0   __dczerorl.o
         8          0          0          0          0         68   __main.o
         0          0          0          0          0          0   __rtentry.o
        12          0          0          0          0          0   __rtentry2.o
         6          0          0          0          0          0   __rtentry4.o
        52          8          0          0          0          0   __scatter.o
        28          0          0          0          0          0   __scatter_zi.o
        18          0          0          0          0         80   exit.o
         6          0          0          0          0        152   heapauxi.o
         0          0          0          0          0          0   indicate_semi.o
         2          0          0          0          0          0   libinit.o
         2          0          0          0          0          0   libinit2.o
         2          0          0          0          0          0   libshutdown.o
         2          0          0          0          0          0   libshutdown2.o
         8          4          0          0         96         68   libspace.o
         2          0          0          0          0          0   rtexit.o
        10          0          0          0          0          0   rtexit2.o
        12          4          0          0          0         68   sys_exit.o
        74          0          0          0          0         80   sys_stackheap_outer.o
         2          0          0          0          0         68   use_no_semi.o

    ----------------------------------------------------------------------
       312         16          0          0         96        584   Library Totals
         8          0          0          0          0          0   (incl. Padding)

    ----------------------------------------------------------------------

      Code (inc. data)   RO Data    RW Data    ZI Data      Debug   Library Name

       304         16          0          0         96        584   c_w.l

    ----------------------------------------------------------------------
       312         16          0          0         96        584   Library Totals

    ----------------------------------------------------------------------

==============================================================================


      Code (inc. data)   RO Data    RW Data    ZI Data      Debug   

     10808       1622        724        396       4884      55633   Grand Totals
     10808       1622        724         16       4884      55633   ELF Image Totals (compressed)
     10808       1622        724         16          0          0   ROM Totals

==============================================================================

    Total RO  Size (Code + RO Data)                11532 (  11.26kB)
    Total RW  Size (RW Data + ZI Data)              5280 (   5.16kB)
    Total ROM Size (Code + RO Data + RW Data)      11548 (  11.28kB)

==============================================================================

